Archive member included to satisfy reference by file (symbol)

C:/ST/STM32CubeIDE_1.17.0/STM32CubeIDE/plugins/com.st.stm32cube.ide.mcu.externaltools.gnu-tools-for-stm32.12.3.rel1.win32_1.1.0.202410251130/tools/bin/../lib/gcc/arm-none-eabi/12.3.1/../../../../arm-none-eabi/lib/thumb/v8-m.main+fp/hard\libc_nano.a(libc_a-exit.o)
                              C:/ST/STM32CubeIDE_1.17.0/STM32CubeIDE/plugins/com.st.stm32cube.ide.mcu.externaltools.gnu-tools-for-stm32.12.3.rel1.win32_1.1.0.202410251130/tools/bin/../lib/gcc/arm-none-eabi/12.3.1/../../../../arm-none-eabi/lib/thumb/v8-m.main+fp/hard/crt0.o (exit)
C:/ST/STM32CubeIDE_1.17.0/STM32CubeIDE/plugins/com.st.stm32cube.ide.mcu.externaltools.gnu-tools-for-stm32.12.3.rel1.win32_1.1.0.202410251130/tools/bin/../lib/gcc/arm-none-eabi/12.3.1/../../../../arm-none-eabi/lib/thumb/v8-m.main+fp/hard\libc_nano.a(libc_a-findfp.o)
                              C:/ST/STM32CubeIDE_1.17.0/STM32CubeIDE/plugins/com.st.stm32cube.ide.mcu.externaltools.gnu-tools-for-stm32.12.3.rel1.win32_1.1.0.202410251130/tools/bin/../lib/gcc/arm-none-eabi/12.3.1/../../../../arm-none-eabi/lib/thumb/v8-m.main+fp/hard\libc_nano.a(libc_a-exit.o) (__stdio_exit_handler)
C:/ST/STM32CubeIDE_1.17.0/STM32CubeIDE/plugins/com.st.stm32cube.ide.mcu.externaltools.gnu-tools-for-stm32.12.3.rel1.win32_1.1.0.202410251130/tools/bin/../lib/gcc/arm-none-eabi/12.3.1/../../../../arm-none-eabi/lib/thumb/v8-m.main+fp/hard\libc_nano.a(libc_a-fwalk.o)
                              C:/ST/STM32CubeIDE_1.17.0/STM32CubeIDE/plugins/com.st.stm32cube.ide.mcu.externaltools.gnu-tools-for-stm32.12.3.rel1.win32_1.1.0.202410251130/tools/bin/../lib/gcc/arm-none-eabi/12.3.1/../../../../arm-none-eabi/lib/thumb/v8-m.main+fp/hard\libc_nano.a(libc_a-findfp.o) (_fwalk_sglue)
C:/ST/STM32CubeIDE_1.17.0/STM32CubeIDE/plugins/com.st.stm32cube.ide.mcu.externaltools.gnu-tools-for-stm32.12.3.rel1.win32_1.1.0.202410251130/tools/bin/../lib/gcc/arm-none-eabi/12.3.1/../../../../arm-none-eabi/lib/thumb/v8-m.main+fp/hard\libc_nano.a(libc_a-stdio.o)
                              C:/ST/STM32CubeIDE_1.17.0/STM32CubeIDE/plugins/com.st.stm32cube.ide.mcu.externaltools.gnu-tools-for-stm32.12.3.rel1.win32_1.1.0.202410251130/tools/bin/../lib/gcc/arm-none-eabi/12.3.1/../../../../arm-none-eabi/lib/thumb/v8-m.main+fp/hard\libc_nano.a(libc_a-findfp.o) (__sread)
C:/ST/STM32CubeIDE_1.17.0/STM32CubeIDE/plugins/com.st.stm32cube.ide.mcu.externaltools.gnu-tools-for-stm32.12.3.rel1.win32_1.1.0.202410251130/tools/bin/../lib/gcc/arm-none-eabi/12.3.1/../../../../arm-none-eabi/lib/thumb/v8-m.main+fp/hard\libc_nano.a(libc_a-memset.o)
                              C:/ST/STM32CubeIDE_1.17.0/STM32CubeIDE/plugins/com.st.stm32cube.ide.mcu.externaltools.gnu-tools-for-stm32.12.3.rel1.win32_1.1.0.202410251130/tools/bin/../lib/gcc/arm-none-eabi/12.3.1/../../../../arm-none-eabi/lib/thumb/v8-m.main+fp/hard/crt0.o (memset)
C:/ST/STM32CubeIDE_1.17.0/STM32CubeIDE/plugins/com.st.stm32cube.ide.mcu.externaltools.gnu-tools-for-stm32.12.3.rel1.win32_1.1.0.202410251130/tools/bin/../lib/gcc/arm-none-eabi/12.3.1/../../../../arm-none-eabi/lib/thumb/v8-m.main+fp/hard\libc_nano.a(libc_a-closer.o)
                              C:/ST/STM32CubeIDE_1.17.0/STM32CubeIDE/plugins/com.st.stm32cube.ide.mcu.externaltools.gnu-tools-for-stm32.12.3.rel1.win32_1.1.0.202410251130/tools/bin/../lib/gcc/arm-none-eabi/12.3.1/../../../../arm-none-eabi/lib/thumb/v8-m.main+fp/hard\libc_nano.a(libc_a-stdio.o) (_close_r)
C:/ST/STM32CubeIDE_1.17.0/STM32CubeIDE/plugins/com.st.stm32cube.ide.mcu.externaltools.gnu-tools-for-stm32.12.3.rel1.win32_1.1.0.202410251130/tools/bin/../lib/gcc/arm-none-eabi/12.3.1/../../../../arm-none-eabi/lib/thumb/v8-m.main+fp/hard\libc_nano.a(libc_a-reent.o)
                              C:/ST/STM32CubeIDE_1.17.0/STM32CubeIDE/plugins/com.st.stm32cube.ide.mcu.externaltools.gnu-tools-for-stm32.12.3.rel1.win32_1.1.0.202410251130/tools/bin/../lib/gcc/arm-none-eabi/12.3.1/../../../../arm-none-eabi/lib/thumb/v8-m.main+fp/hard\libc_nano.a(libc_a-closer.o) (errno)
C:/ST/STM32CubeIDE_1.17.0/STM32CubeIDE/plugins/com.st.stm32cube.ide.mcu.externaltools.gnu-tools-for-stm32.12.3.rel1.win32_1.1.0.202410251130/tools/bin/../lib/gcc/arm-none-eabi/12.3.1/../../../../arm-none-eabi/lib/thumb/v8-m.main+fp/hard\libc_nano.a(libc_a-impure.o)
                              C:/ST/STM32CubeIDE_1.17.0/STM32CubeIDE/plugins/com.st.stm32cube.ide.mcu.externaltools.gnu-tools-for-stm32.12.3.rel1.win32_1.1.0.202410251130/tools/bin/../lib/gcc/arm-none-eabi/12.3.1/../../../../arm-none-eabi/lib/thumb/v8-m.main+fp/hard\libc_nano.a(libc_a-reent.o) (_impure_ptr)
C:/ST/STM32CubeIDE_1.17.0/STM32CubeIDE/plugins/com.st.stm32cube.ide.mcu.externaltools.gnu-tools-for-stm32.12.3.rel1.win32_1.1.0.202410251130/tools/bin/../lib/gcc/arm-none-eabi/12.3.1/../../../../arm-none-eabi/lib/thumb/v8-m.main+fp/hard\libc_nano.a(libc_a-lseekr.o)
[...]
Memory Configuration

Name             Origin             Length             Attributes
RAM              0x20000000         0x00044000         xrw
FLASH            0x08000000         0x00040000         xr
*default*        0x00000000         0xffffffff

Linker script and memory map

LOAD C:/ST/STM32CubeIDE_1.17.0/STM32CubeIDE/plugins/com.st.stm32cube.ide.mcu.externaltools.gnu-tools-for-stm32.12.3.rel1.win32_1.1.0.202410251130/tools/bin/../lib/gcc/arm-none-eabi/12.3.1/thumb/v8-m.main+fp/hard/crti.o
LOAD C:/ST/STM32CubeIDE_1.17.0/STM32CubeIDE/plugins/com.st.stm32cube.ide.mcu.externaltools.gnu-tools-for-stm32.12.3.rel1.win32_1.1.0.202410251130/tools/bin/../lib/gcc/arm-none-eabi/12.3.1/thumb/v8-m.main+fp/hard/crtbegin.o
LOAD C:/ST/STM32CubeIDE_1.17.0/STM32CubeIDE/plugins/com.st.stm32cube.ide.mcu.externaltools.gnu-tools-for-stm32.12.3.rel1.win32_1.1.0.202410251130/tools/bin/../lib/gcc/arm-none-eabi/12.3.1/../../../../arm-none-eabi/lib/thumb/v8-m.main+fp/hard/crt0.o
LOAD ./Core/Src/gpio.o
LOAD ./Core/Src/main.o
LOAD ./Core/Src/memorymap.o
LOAD ./Core/Src/stm32h5xx_hal_msp.o
LOAD ./Core/Src/stm32h5xx_it.o
LOAD ./Core/Src/syscalls.o
LOAD ./Core/Src/sysmem.o
LOAD ./Core/Src/system_stm32h5xx.o
LOAD ./Core/Src/tim.o
LOAD ./Core/Src/usb.o
LOAD ./Core/Startup/startup_stm32h523ccux.o
LOAD ./Custom/custom_main.o
LOAD ./Custom/usb_mgr.o
LOAD ./Drivers/STM32H5xx_HAL_Driver/Src/stm32h5xx_hal.o
LOAD ./Drivers/STM32H5xx_HAL_Driver/Src/stm32h5xx_hal_cortex.o
LOAD ./Drivers/STM32H5xx_HAL_Driver/Src/stm32h5xx_hal_dma.o
LOAD ./Drivers/STM32H5xx_HAL_Driver/Src/stm32h5xx_hal_dma_ex.o
LOAD ./Drivers/STM32H5xx_HAL_Driver/Src/stm32h5xx_hal_exti.o
LOAD ./Drivers/STM32H5xx_HAL_Driver/Src/stm32h5xx_hal_flash.o
LOAD ./Drivers/STM32H5xx_HAL_Driver/Src/stm32h5xx_hal_flash_ex.o
LOAD ./Drivers/STM32H5xx_HAL_Driver/Src/stm32h5xx_hal_gpio.o
LOAD ./Drivers/STM32H5xx_HAL_Driver/Src/stm32h5xx_hal_pcd.o
LOAD ./Drivers/STM32H5xx_HAL_Driver/Src/stm32h5xx_hal_pcd_ex.o
LOAD ./Drivers/STM32H5xx_HAL_Driver/Src/stm32h5xx_hal_pwr.o
LOAD ./Drivers/STM32H5xx_HAL_Driver/Src/stm32h5xx_hal_pwr_ex.o
LOAD ./Drivers/STM32H5xx_HAL_Driver/Src/stm32h5xx_hal_rcc.o
LOAD ./Drivers/STM32H5xx_HAL_Driver/Src/stm32h5xx_hal_rcc_ex.o
LOAD ./Drivers/STM32H5xx_HAL_Driver/Src/stm32h5xx_hal_tim.o
LOAD ./Drivers/STM32H5xx_HAL_Driver/Src/stm32h5xx_hal_tim_ex.o
LOAD ./Drivers/STM32H5xx_HAL_Driver/Src/stm32h5xx_ll_usb.o
LOAD ./USB_Device/App/usb_device.o
LOAD ./USB_Device/App/usbd_cdc.o
LOAD ./USB_Device/App/usbd_cdc_if.o
LOAD ./USB_Device/App/usbd_core.o
LOAD ./USB_Device/App/usbd_ctlreq.o
LOAD ./USB_Device/App/usbd_desc.o
LOAD ./USB_Device/App/usbd_ioreq.o
LOAD ./USB_Device/Target/usbd_conf.o
START GROUP
LOAD C:/ST/STM32CubeIDE_1.17.0/STM32CubeIDE/plugins/com.st.stm32cube.ide.mcu.externaltools.gnu-tools-for-stm32.12.3.rel1.win32_1.1.0.202410251130/tools/bin/../lib/gcc/arm-none-eabi/12.3.1/../../../../arm-none-eabi/lib/thumb/v8-m.main+fp/hard\libc_nano.a
LOAD C:/ST/STM32CubeIDE_1.17.0/STM32CubeIDE/plugins/com.st.stm32cube.ide.mcu.externaltools.gnu-tools-for-stm32.12.3.rel1.win32_1.1.0.202410251130/tools/bin/../lib/gcc/arm-none-eabi/12.3.1/../../../../arm-none-eabi/lib/thumb/v8-m.main+fp/hard\libm.a
END GROUP
START GROUP
LOAD C:/ST/STM32CubeIDE_1.17.0/STM32CubeIDE/plugins/com.st.stm32cube.ide.mcu.externaltools.gnu-tools-for-stm32.12.3.rel1.win32_1.1.0.202410251130/tools/bin/../lib/gcc/arm-none-eabi/12.3.1/thumb/v8-m.main+fp/hard\libgcc.a
LOAD C:/ST/STM32CubeIDE_1.17.0/STM32CubeIDE/plugins/com.st.stm32cube.ide.mcu.externaltools.gnu-tools-for-stm32.12.3.rel1.win32_1.1.0.202410251130/tools/bin/../lib/gcc/arm-none-eabi/12.3.1/../../../../arm-none-eabi/lib/thumb/v8-m.main+fp/hard\libc_nano.a
END GROUP
START GROUP
LOAD C:/ST/STM32CubeIDE_1.17.0/STM32CubeIDE/plugins/com.st.stm32cube.ide.mcu.externaltools.gnu-tools-for-stm32.12.3.rel1.win32_1.1.0.202410251130/tools/bin/../lib/gcc/arm-none-eabi/12.3.1/thumb/v8-m.main+fp/hard\libgcc.a
LOAD C:/ST/STM32CubeIDE_1.17.0/STM32CubeIDE/plugins/com.st.stm32cube.ide.mcu.externaltools.gnu-tools-for-stm32.12.3.rel1.win32_1.1.0.202410251130/tools/bin/../lib/gcc/arm-none-eabi/12.3.1/../../../../arm-none-eabi/lib/thumb/v8-m.main+fp/hard\libc_nano.a
LOAD C:/ST/STM32CubeIDE_1.17.0/STM32CubeIDE/plugins/com.st.stm32cube.ide.mcu.externaltools.gnu-tools-for-stm32.12.3.rel1.win32_1.1.0.202410251130/tools/bin/../lib/gcc/arm-none-eabi/12.3.1/../../../../arm-none-eabi/lib/thumb/v8-m.main+fp/hard\libnosys.a
END GROUP
START GROUP
LOAD C:/ST/STM32CubeIDE_1.17.0/STM32CubeIDE/plugins/com.st.stm32cube.ide.mcu.externaltools.gnu-tools-for-stm32.12.3.rel1.win32_1.1.0.202410251130/tools/bin/../lib/gcc/arm-none-eabi/12.3.1/thumb/v8-m.main+fp/hard\libgcc.a
LOAD C:/ST/STM32CubeIDE_1.17.0/STM32CubeIDE/plugins/com.st.stm32cube.ide.mcu.externaltools.gnu-tools-for-stm32.12.3.rel1.win32_1.1.0.202410251130/tools/bin/../lib/gcc/arm-none-eabi/12.3.1/../../../../arm-none-eabi/lib/thumb/v8-m.main+fp/hard\libc_nano.a
LOAD C:/ST/STM32CubeIDE_1.17.0/STM32CubeIDE/plugins/com.st.stm32cube.ide.mcu.externaltools.gnu-tools-for-stm32.12.3.rel1.win32_1.1.0.202410251130/tools/bin/../lib/gcc/arm-none-eabi/12.3.1/../../../../arm-none-eabi/lib/thumb/v8-m.main+fp/hard\libnosys.a
END GROUP
LOAD C:/ST/STM32CubeIDE_1.17.0/STM32CubeIDE/plugins/com.st.stm32cube.ide.mcu.externaltools.gnu-tools-for-stm32.12.3.rel1.win32_1.1.0.202410251130/tools/bin/../lib/gcc/arm-none-eabi/12.3.1/thumb/v8-m.main+fp/hard/crtend.o
LOAD C:/ST/STM32CubeIDE_1.17.0/STM32CubeIDE/plugins/com.st.stm32cube.ide.mcu.externaltools.gnu-tools-for-stm32.12.3.rel1.win32_1.1.0.202410251130/tools/bin/../lib/gcc/arm-none-eabi/12.3.1/thumb/v8-m.main+fp/hard/crtn.o
                0x20044000                        _estack = (ORIGIN (RAM) + LENGTH (RAM))
                0x00000200                        _Min_Heap_Size = 0x200
                0x00000400                        _Min_Stack_Size = 0x400

.isr_vector     0x08000000      0x254
                0x08000000                        . = ALIGN (0x4)
 *(.isr_vector)
 .isr_vector    0x08000000      0x254 ./Core/Startup/startup_stm32h523ccux.o
                0x08000000                g_pfnVectors
                0x08000254                        . = ALIGN (0x4)

.text           0x08000254     0x9df8
                0x08000254                        . = ALIGN (0x4)
 *(.text)
 .text          0x08000254       0x40 C:/ST/STM32CubeIDE_1.17.0/STM32CubeIDE/plugins/com.st.stm32cube.ide.mcu.externaltools.gnu-tools-for-stm32.12.3.rel1.win32_1.1.0.202410251130/tools/bin/../lib/gcc/arm-none-eabi/12.3.1/thumb/v8-m.main+fp/hard/crtbegin.o
 *(.text*)
 .text.MX_GPIO_Init
                0x08000294       0xf4 ./Core/Src/gpio.o
                0x08000294                MX_GPIO_Init
 .text.main     0x08000388       0x22 ./Core/Src/main.o
                0x08000388                main
 *fill*         0x080003aa        0x2 
 .text.SystemClock_Config
                0x080003ac       0xec ./Core/Src/main.o
                0x080003ac                SystemClock_Config
 .text.Error_Handler
                0x08000498        0xc ./Core/Src/main.o
                0x08000498                Error_Handler
 .text.HAL_MspInit
                0x080004a4        0xe ./Core/Src/stm32h5xx_hal_msp.o
                0x080004a4                HAL_MspInit
 .text.NMI_Handler
                0x080004b2        0x8 ./Core/Src/stm32h5xx_it.o
                0x080004b2                NMI_Handler
 .text.HardFault_Handler
                0x080004ba        0x8 ./Core/Src/stm32h5xx_it.o
                0x080004ba                HardFault_Handler
 .text.MemManage_Handler
                0x080004c2        0x8 ./Core/Src/stm32h5xx_it.o
                0x080004c2                MemManage_Handler
 .text.BusFault_Handler
                0x080004ca        0x8 ./Core/Src/stm32h5xx_it.o
                0x080004ca                BusFault_Handler
 .text.UsageFault_Handler
                0x080004d2        0x8 ./Core/Src/stm32h5xx_it.o
                0x080004d2                UsageFault_Handler
 .text.SVC_Handler
                0x080004da        0xe ./Core/Src/stm32h5xx_it.o
                0x080004da                SVC_Handler
 .text.DebugMon_Handler
                0x080004e8        0xe ./Core/Src/stm32h5xx_it.o
                0x080004e8                DebugMon_Handler
 .text.PendSV_Handler
                0x080004f6        0xe ./Core/Src/stm32h5xx_it.o
                0x080004f6                PendSV_Handler
 .text.SysTick_Handler
                0x08000504        0xc ./Core/Src/stm32h5xx_it.o
                0x08000504                SysTick_Handler
 .text.TIM7_IRQHandler
                0x08000510       0x18 ./Core/Src/stm32h5xx_it.o
                0x08000510                TIM7_IRQHandler
 .text.USB_DRD_FS_IRQHandler
                0x08000528       0x14 ./Core/Src/stm32h5xx_it.o
                0x08000528                USB_DRD_FS_IRQHandler
 .text.SystemInit
                0x0800053c       0xf8 ./Core/Src/system_stm32h5xx.o
                0x0800053c                SystemInit
 .text.MX_TIM7_Init
                0x08000634       0x6c ./Core/Src/tim.o
                0x08000634                MX_TIM7_Init
 .text.HAL_TIM_Base_MspInit
                0x080006a0       0x50 ./Core/Src/tim.o
                0x080006a0                HAL_TIM_Base_MspInit
 .text.MX_USB_PCD_Init
                0x080006f0       0x64 ./Core/Src/usb.o
                0x080006f0                MX_USB_PCD_Init
 .text.Reset_Handler
                0x08000754       0x50 ./Core/Startup/startup_stm32h523ccux.o
                0x08000754                Reset_Handler
 .text.Default_Handler
                0x080007a4        0x2 ./Core/Startup/startup_stm32h523ccux.o
                0x080007a4                EXTI2_IRQHandler
                0x080007a4                TIM8_TRG_COM_IRQHandler
                0x080007a4                TIM8_CC_IRQHandler
                0x080007a4                EXTI5_IRQHandler
                0x080007a4                I3C1_ER_IRQHandler
                0x080007a4                SPI4_IRQHandler
                0x080007a4                GPDMA2_Channel1_IRQHandler
                0x080007a4                FLASH_S_IRQHandler
                0x080007a4                EXTI13_IRQHandler
                0x080007a4                TIM1_CC_IRQHandler
                0x080007a4                GPDMA2_Channel3_IRQHandler
                0x080007a4                TAMP_IRQHandler
                0x080007a4                TIM6_IRQHandler
                0x080007a4                EXTI12_IRQHandler
                0x080007a4                EXTI3_IRQHandler
                0x080007a4                GPDMA1_Channel5_IRQHandler
                0x080007a4                EXTI8_IRQHandler
                0x080007a4                GPDMA2_Channel5_IRQHandler
                0x080007a4                LPTIM2_IRQHandler
                0x080007a4                I2C3_ER_IRQHandler
                0x080007a4                GPDMA2_Channel2_IRQHandler
                0x080007a4                EXTI0_IRQHandler
                0x080007a4                I2C2_EV_IRQHandler
                0x080007a4                FPU_IRQHandler
                0x080007a4                GPDMA1_Channel3_IRQHandler
                0x080007a4                GPDMA1_Channel7_IRQHandler
                0x080007a4                FDCAN1_IT1_IRQHandler
                0x080007a4                RAMCFG_IRQHandler
                0x080007a4                DCACHE1_IRQHandler
                0x080007a4                SPI1_IRQHandler
                0x080007a4                OCTOSPI1_IRQHandler
                0x080007a4                GPDMA1_Channel2_IRQHandler
                0x080007a4                TIM8_UP_IRQHandler
                0x080007a4                RCC_S_IRQHandler
                0x080007a4                ADC1_IRQHandler
                0x080007a4                USART6_IRQHandler
                0x080007a4                I3C2_ER_IRQHandler
                0x080007a4                EXTI15_IRQHandler
                0x080007a4                USART3_IRQHandler
                0x080007a4                RTC_IRQHandler
                0x080007a4                EXTI9_IRQHandler
                0x080007a4                UART5_IRQHandler
                0x080007a4                TIM4_IRQHandler
                0x080007a4                I3C2_EV_IRQHandler
                0x080007a4                I2C1_EV_IRQHandler
                0x080007a4                GPDMA1_Channel1_IRQHandler
                0x080007a4                UART4_IRQHandler
                0x080007a4                SecureFault_Handler
                0x080007a4                TIM3_IRQHandler
                0x080007a4                RCC_IRQHandler
                0x080007a4                TIM1_TRG_COM_IRQHandler
                0x080007a4                Default_Handler
                0x080007a4                CEC_IRQHandler
                0x080007a4                GPDMA2_Channel4_IRQHandler
                0x080007a4                TIM12_IRQHandler
                0x080007a4                SDMMC1_IRQHandler
                0x080007a4                TIM5_IRQHandler
                0x080007a4                UCPD1_IRQHandler
                0x080007a4                GPDMA1_Channel0_IRQHandler
                0x080007a4                I3C1_EV_IRQHandler
                0x080007a4                TIM15_IRQHandler
                0x080007a4                PVD_AVD_IRQHandler
                0x080007a4                I2C3_EV_IRQHandler
                0x080007a4                ADC2_IRQHandler
                0x080007a4                SPI2_IRQHandler
                0x080007a4                EXTI14_IRQHandler
                0x080007a4                EXTI11_IRQHandler
                0x080007a4                CRS_IRQHandler
                0x080007a4                EXTI4_IRQHandler
                0x080007a4                GPDMA2_Channel0_IRQHandler
                0x080007a4                RTC_S_IRQHandler
                0x080007a4                RNG_IRQHandler
                0x080007a4                FDCAN2_IT1_IRQHandler
                0x080007a4                GPDMA2_Channel6_IRQHandler
                0x080007a4                TIM1_UP_IRQHandler
                0x080007a4                WWDG_IRQHandler
                0x080007a4                FDCAN2_IT0_IRQHandler
                0x080007a4                IWDG_IRQHandler
                0x080007a4                LPUART1_IRQHandler
                0x080007a4                FDCAN1_IT0_IRQHandler
                0x080007a4                TIM2_IRQHandler
                0x080007a4                GPDMA1_Channel4_IRQHandler
                0x080007a4                EXTI7_IRQHandler
                0x080007a4                TIM1_BRK_IRQHandler
                0x080007a4                EXTI1_IRQHandler
                0x080007a4                DAC1_IRQHandler
                0x080007a4                DTS_IRQHandler
                0x080007a4                GTZC_IRQHandler
                0x080007a4                USART2_IRQHandler
                0x080007a4                GPDMA1_Channel6_IRQHandler
                0x080007a4                GPDMA2_Channel7_IRQHandler
                0x080007a4                I2C2_ER_IRQHandler
                0x080007a4                TIM8_BRK_IRQHandler
                0x080007a4                FLASH_IRQHandler
                0x080007a4                USART1_IRQHandler
                0x080007a4                EXTI10_IRQHandler
                0x080007a4                SPI3_IRQHandler
                0x080007a4                I2C1_ER_IRQHandler
                0x080007a4                FMC_IRQHandler
                0x080007a4                EXTI6_IRQHandler
                0x080007a4                LPTIM1_IRQHandler
                0x080007a4                DCMI_PSSI_IRQHandler
                0x080007a4                ICACHE_IRQHandler
                0x080007a4                HASH_IRQHandler
 *fill*         0x080007a6        0x2 
 .text.timing_loop
                0x080007a8       0x3c ./Custom/custom_main.o
                0x080007a8                timing_loop
 .text.custom_init
                0x080007e4       0x18 ./Custom/custom_main.o
                0x080007e4                custom_init
 .text.mainloop
                0x080007fc       0x4c ./Custom/custom_main.o
                0x080007fc                mainloop
 .text.usb_OnDataReceived
                0x08000848       0x3c ./Custom/usb_mgr.o
                0x08000848                usb_OnDataReceived
 .text.USB_CDC_RxHandler
                0x08000884       0x38 ./Custom/usb_mgr.o
                0x08000884                USB_CDC_RxHandler
 .text.usb_mainloop
                0x080008bc       0x20 ./Custom/usb_mgr.o
                0x080008bc                usb_mainloop
 .text.HAL_Init
                0x080008dc       0x50 ./Drivers/STM32H5xx_HAL_Driver/Src/stm32h5xx_hal.o
                0x080008dc                HAL_Init
 .text.HAL_InitTick
                0x0800092c       0xec ./Drivers/STM32H5xx_HAL_Driver/Src/stm32h5xx_hal.o
                0x0800092c                HAL_InitTick
 .text.HAL_IncTick
                0x08000a18       0x28 ./Drivers/STM32H5xx_HAL_Driver/Src/stm32h5xx_hal.o
                0x08000a18                HAL_IncTick
 .text.HAL_GetTick
                0x08000a40       0x18 ./Drivers/STM32H5xx_HAL_Driver/Src/stm32h5xx_hal.o
                0x08000a40                HAL_GetTick
 .text.__NVIC_SetPriorityGrouping
                0x08000a58       0x48 ./Drivers/STM32H5xx_HAL_Driver/Src/stm32h5xx_hal_cortex.o
 .text.__NVIC_GetPriorityGrouping
                0x08000aa0       0x1c ./Drivers/STM32H5xx_HAL_Driver/Src/stm32h5xx_hal_cortex.o
 .text.__NVIC_EnableIRQ
                0x08000abc       0x3c ./Drivers/STM32H5xx_HAL_Driver/Src/stm32h5xx_hal_cortex.o
 .text.__NVIC_SetPriority
                0x08000af8       0x54 ./Drivers/STM32H5xx_HAL_Driver/Src/stm32h5xx_hal_cortex.o
 .text.NVIC_EncodePriority
                0x08000b4c       0x66 ./Drivers/STM32H5xx_HAL_Driver/Src/stm32h5xx_hal_cortex.o
 .text.HAL_NVIC_SetPriorityGrouping
                0x08000bb2       0x16 ./Drivers/STM32H5xx_HAL_Driver/Src/stm32h5xx_hal_cortex.o
                0x08000bb2                HAL_NVIC_SetPriorityGrouping
 .text.HAL_NVIC_SetPriority
                0x08000bc8       0x34 ./Drivers/STM32H5xx_HAL_Driver/Src/stm32h5xx_hal_cortex.o
                0x08000bc8                HAL_NVIC_SetPriority
 .text.HAL_NVIC_EnableIRQ
                0x08000bfc       0x1c ./Drivers/STM32H5xx_HAL_Driver/Src/stm32h5xx_hal_cortex.o
                0x08000bfc                HAL_NVIC_EnableIRQ
 .text.HAL_SYSTICK_Config
                0x08000c18       0x44 ./Drivers/STM32H5xx_HAL_Driver/Src/stm32h5xx_hal_cortex.o
                0x08000c18                HAL_SYSTICK_Config
 .text.HAL_SYSTICK_CLKSourceConfig
                0x08000c5c       0xb0 ./Drivers/STM32H5xx_HAL_Driver/Src/stm32h5xx_hal_cortex.o
                0x08000c5c                HAL_SYSTICK_CLKSourceConfig
 .text.HAL_SYSTICK_GetCLKSourceConfig
                0x08000d0c       0x6c ./Drivers/STM32H5xx_HAL_Driver/Src/stm32h5xx_hal_cortex.o
                0x08000d0c                HAL_SYSTICK_GetCLKSourceConfig
 .text.HAL_GPIO_Init
                0x08000d78      0x2a4 ./Drivers/STM32H5xx_HAL_Driver/Src/stm32h5xx_hal_gpio.o
                0x08000d78                HAL_GPIO_Init
 .text.HAL_GPIO_WritePin
                0x0800101c       0x30 ./Drivers/STM32H5xx_HAL_Driver/Src/stm32h5xx_hal_gpio.o
                0x0800101c                HAL_GPIO_WritePin
 .text.PCD_GET_EP_RX_CNT
                0x0800104c       0x42 ./Drivers/STM32H5xx_HAL_Driver/Src/stm32h5xx_hal_pcd.o
 .text.PCD_GET_EP_DBUF0_CNT
                0x0800108e       0x42 ./Drivers/STM32H5xx_HAL_Driver/Src/stm32h5xx_hal_pcd.o
 .text.PCD_GET_EP_DBUF1_CNT
                0x080010d0       0x42 ./Drivers/STM32H5xx_HAL_Driver/Src/stm32h5xx_hal_pcd.o
 .text.HAL_PCD_Init
                0x08001112      0x202 ./Drivers/STM32H5xx_HAL_Driver/Src/stm32h5xx_hal_pcd.o
                0x08001112                HAL_PCD_Init
 .text.HAL_PCD_Start
                0x08001314       0x44 ./Drivers/STM32H5xx_HAL_Driver/Src/stm32h5xx_hal_pcd.o
                0x08001314                HAL_PCD_Start
 .text.HAL_PCD_IRQHandler
                0x08001358      0x1ea ./Drivers/STM32H5xx_HAL_Driver/Src/stm32h5xx_hal_pcd.o
                0x08001358                HAL_PCD_IRQHandler
 .text.HAL_PCD_SetAddress
                0x08001542       0x48 ./Drivers/STM32H5xx_HAL_Driver/Src/stm32h5xx_hal_pcd.o
                0x08001542                HAL_PCD_SetAddress
 .text.HAL_PCD_EP_Open
                0x0800158a       0xc2 ./Drivers/STM32H5xx_HAL_Driver/Src/stm32h5xx_hal_pcd.o
                0x0800158a                HAL_PCD_EP_Open
 .text.HAL_PCD_EP_Close
                0x0800164c       0x94 ./Drivers/STM32H5xx_HAL_Driver/Src/stm32h5xx_hal_pcd.o
                0x0800164c                HAL_PCD_EP_Close
 .text.HAL_PCD_EP_Receive
                0x080016e0       0x64 ./Drivers/STM32H5xx_HAL_Driver/Src/stm32h5xx_hal_pcd.o
                0x080016e0                HAL_PCD_EP_Receive
 .text.HAL_PCD_EP_GetRxCount
                0x08001744       0x30 ./Drivers/STM32H5xx_HAL_Driver/Src/stm32h5xx_hal_pcd.o
                0x08001744                HAL_PCD_EP_GetRxCount
 .text.HAL_PCD_EP_Transmit
                0x08001774       0x70 ./Drivers/STM32H5xx_HAL_Driver/Src/stm32h5xx_hal_pcd.o
                0x08001774                HAL_PCD_EP_Transmit
 .text.HAL_PCD_EP_SetStall
                0x080017e4       0xa8 ./Drivers/STM32H5xx_HAL_Driver/Src/stm32h5xx_hal_pcd.o
                0x080017e4                HAL_PCD_EP_SetStall
 .text.HAL_PCD_EP_ClrStall
                0x0800188c       0xac ./Drivers/STM32H5xx_HAL_Driver/Src/stm32h5xx_hal_pcd.o
                0x0800188c                HAL_PCD_EP_ClrStall
 .text.PCD_EP_ISR_Handler
                0x08001938      0x674 ./Drivers/STM32H5xx_HAL_Driver/Src/stm32h5xx_hal_pcd.o
 .text.HAL_PCD_EP_DB_Receive
                0x08001fac      0x1b4 ./Drivers/STM32H5xx_HAL_Driver/Src/stm32h5xx_hal_pcd.o
 .text.HAL_PCD_EP_DB_Transmit
                0x08002160      0x7c4 ./Drivers/STM32H5xx_HAL_Driver/Src/stm32h5xx_hal_pcd.o
 .text.HAL_PCDEx_PMAConfig
                0x08002924       0x8a ./Drivers/STM32H5xx_HAL_Driver/Src/stm32h5xx_hal_pcd_ex.o
                0x08002924                HAL_PCDEx_PMAConfig
 .text.HAL_PCDEx_ActivateLPM
                0x080029ae       0x44 ./Drivers/STM32H5xx_HAL_Driver/Src/stm32h5xx_hal_pcd_ex.o
                0x080029ae                HAL_PCDEx_ActivateLPM
 .text.HAL_PCDEx_LPM_Callback
                0x080029f2       0x18 ./Drivers/STM32H5xx_HAL_Driver/Src/stm32h5xx_hal_pcd_ex.o
                0x080029f2                HAL_PCDEx_LPM_Callback
 *fill*         0x08002a0a        0x2 
 .text.HAL_PWREx_EnableVddUSB
                0x08002a0c       0x20 ./Drivers/STM32H5xx_HAL_Driver/Src/stm32h5xx_hal_pwr_ex.o
                0x08002a0c                HAL_PWREx_EnableVddUSB
 .text.HAL_RCC_OscConfig
                0x08002a2c      0x870 ./Drivers/STM32H5xx_HAL_Driver/Src/stm32h5xx_hal_rcc.o
                0x08002a2c                HAL_RCC_OscConfig
 .text.HAL_RCC_ClockConfig
                0x0800329c      0x370 ./Drivers/STM32H5xx_HAL_Driver/Src/stm32h5xx_hal_rcc.o
                0x0800329c                HAL_RCC_ClockConfig
 .text.HAL_RCC_GetSysClockFreq
                0x0800360c      0x258 ./Drivers/STM32H5xx_HAL_Driver/Src/stm32h5xx_hal_rcc.o
                0x0800360c                HAL_RCC_GetSysClockFreq
 .text.HAL_RCC_GetHCLKFreq
                0x08003864       0x38 ./Drivers/STM32H5xx_HAL_Driver/Src/stm32h5xx_hal_rcc.o
                0x08003864                HAL_RCC_GetHCLKFreq
 .text.HAL_RCCEx_PeriphCLKConfig
                0x0800389c     0x1380 ./Drivers/STM32H5xx_HAL_Driver/Src/stm32h5xx_hal_rcc_ex.o
                0x0800389c                HAL_RCCEx_PeriphCLKConfig
 .text.RCCEx_PLL2_Config
                0x08004c1c      0x130 ./Drivers/STM32H5xx_HAL_Driver/Src/stm32h5xx_hal_rcc_ex.o
 .text.RCCEx_PLL3_Config
                0x08004d4c      0x130 ./Drivers/STM32H5xx_HAL_Driver/Src/stm32h5xx_hal_rcc_ex.o
 .text.HAL_TIM_Base_Init
                0x08004e7c       0xae ./Drivers/STM32H5xx_HAL_Driver/Src/stm32h5xx_hal_tim.o
                0x08004e7c                HAL_TIM_Base_Init
 *fill*         0x08004f2a        0x2 
 .text.HAL_TIM_Base_Start_IT
                0x08004f2c      0x15c ./Drivers/STM32H5xx_HAL_Driver/Src/stm32h5xx_hal_tim.o
                0x08004f2c                HAL_TIM_Base_Start_IT
 .text.HAL_TIM_IRQHandler
                0x08005088      0x29e ./Drivers/STM32H5xx_HAL_Driver/Src/stm32h5xx_hal_tim.o
                0x08005088                HAL_TIM_IRQHandler
 .text.HAL_TIM_PeriodElapsedCallback
                0x08005326       0x14 ./Drivers/STM32H5xx_HAL_Driver/Src/stm32h5xx_hal_tim.o
                0x08005326                HAL_TIM_PeriodElapsedCallback
 .text.HAL_TIM_OC_DelayElapsedCallback
                0x0800533a       0x14 ./Drivers/STM32H5xx_HAL_Driver/Src/stm32h5xx_hal_tim.o
                0x0800533a                HAL_TIM_OC_DelayElapsedCallback
 .text.HAL_TIM_IC_CaptureCallback
                0x0800534e       0x14 ./Drivers/STM32H5xx_HAL_Driver/Src/stm32h5xx_hal_tim.o
                0x0800534e                HAL_TIM_IC_CaptureCallback
 .text.HAL_TIM_PWM_PulseFinishedCallback
                0x08005362       0x14 ./Drivers/STM32H5xx_HAL_Driver/Src/stm32h5xx_hal_tim.o
                0x08005362                HAL_TIM_PWM_PulseFinishedCallback
 .text.HAL_TIM_TriggerCallback
                0x08005376       0x14 ./Drivers/STM32H5xx_HAL_Driver/Src/stm32h5xx_hal_tim.o
                0x08005376                HAL_TIM_TriggerCallback
 *fill*         0x0800538a        0x2 
 .text.TIM_Base_SetConfig
                0x0800538c      0x1d4 ./Drivers/STM32H5xx_HAL_Driver/Src/stm32h5xx_hal_tim.o
                0x0800538c                TIM_Base_SetConfig
 .text.HAL_TIMEx_MasterConfigSynchronization
                0x08005560      0x1a0 ./Drivers/STM32H5xx_HAL_Driver/Src/stm32h5xx_hal_tim_ex.o
                0x08005560                HAL_TIMEx_MasterConfigSynchronization
 .text.HAL_TIMEx_CommutCallback
                0x08005700       0x14 ./Drivers/STM32H5xx_HAL_Driver/Src/stm32h5xx_hal_tim_ex.o
                0x08005700                HAL_TIMEx_CommutCallback
 .text.HAL_TIMEx_BreakCallback
                0x08005714       0x14 ./Drivers/STM32H5xx_HAL_Driver/Src/stm32h5xx_hal_tim_ex.o
                0x08005714                HAL_TIMEx_BreakCallback
 .text.HAL_TIMEx_Break2Callback
                0x08005728       0x14 ./Drivers/STM32H5xx_HAL_Driver/Src/stm32h5xx_hal_tim_ex.o
                0x08005728                HAL_TIMEx_Break2Callback
 .text.HAL_TIMEx_EncoderIndexCallback
                0x0800573c       0x14 ./Drivers/STM32H5xx_HAL_Driver/Src/stm32h5xx_hal_tim_ex.o
                0x0800573c                HAL_TIMEx_EncoderIndexCallback
 .text.HAL_TIMEx_DirectionChangeCallback
                0x08005750       0x14 ./Drivers/STM32H5xx_HAL_Driver/Src/stm32h5xx_hal_tim_ex.o
                0x08005750                HAL_TIMEx_DirectionChangeCallback
 .text.HAL_TIMEx_IndexErrorCallback
                0x08005764       0x14 ./Drivers/STM32H5xx_HAL_Driver/Src/stm32h5xx_hal_tim_ex.o
                0x08005764                HAL_TIMEx_IndexErrorCallback
 .text.HAL_TIMEx_TransitionErrorCallback
                0x08005778       0x14 ./Drivers/STM32H5xx_HAL_Driver/Src/stm32h5xx_hal_tim_ex.o
                0x08005778                HAL_TIMEx_TransitionErrorCallback
 .text.USB_CoreReset
                0x0800578c       0x2e ./Drivers/STM32H5xx_HAL_Driver/Src/stm32h5xx_ll_usb.o
 .text.USB_CoreInit
                0x080057ba       0x3c ./Drivers/STM32H5xx_HAL_Driver/Src/stm32h5xx_ll_usb.o
                0x080057ba                USB_CoreInit
 .text.USB_EnableGlobalInt
                0x080057f6       0x28 ./Drivers/STM32H5xx_HAL_Driver/Src/stm32h5xx_ll_usb.o
                0x080057f6                USB_EnableGlobalInt
 .text.USB_DisableGlobalInt
                0x0800581e       0x2a ./Drivers/STM32H5xx_HAL_Driver/Src/stm32h5xx_ll_usb.o
                0x0800581e                USB_DisableGlobalInt
 .text.USB_SetCurrentMode
                0x08005848       0x46 ./Drivers/STM32H5xx_HAL_Driver/Src/stm32h5xx_ll_usb.o
                0x08005848                USB_SetCurrentMode
 .text.USB_DevInit
                0x0800588e       0x46 ./Drivers/STM32H5xx_HAL_Driver/Src/stm32h5xx_ll_usb.o
                0x0800588e                USB_DevInit
 .text.USB_ActivateEndpoint
                0x080058d4      0x6c0 ./Drivers/STM32H5xx_HAL_Driver/Src/stm32h5xx_ll_usb.o
                0x080058d4                USB_ActivateEndpoint
 .text.USB_DeactivateEndpoint
                0x08005f94      0x314 ./Drivers/STM32H5xx_HAL_Driver/Src/stm32h5xx_ll_usb.o
                0x08005f94                USB_DeactivateEndpoint
 .text.USB_EPStartXfer
                0x080062a8     0x10d4 ./Drivers/STM32H5xx_HAL_Driver/Src/stm32h5xx_ll_usb.o
                0x080062a8                USB_EPStartXfer
 .text.USB_EPSetStall
                0x0800737c       0x8c ./Drivers/STM32H5xx_HAL_Driver/Src/stm32h5xx_ll_usb.o
                0x0800737c                USB_EPSetStall
 .text.USB_EPClearStall
                0x08007408      0x128 ./Drivers/STM32H5xx_HAL_Driver/Src/stm32h5xx_ll_usb.o
                0x08007408                USB_EPClearStall
 .text.USB_SetDevAddress
                0x08007530       0x26 ./Drivers/STM32H5xx_HAL_Driver/Src/stm32h5xx_ll_usb.o
                0x08007530                USB_SetDevAddress
 .text.USB_DevConnect
                0x08007556       0x22 ./Drivers/STM32H5xx_HAL_Driver/Src/stm32h5xx_ll_usb.o
                0x08007556                USB_DevConnect
 .text.USB_DevDisconnect
                0x08007578       0x22 ./Drivers/STM32H5xx_HAL_Driver/Src/stm32h5xx_ll_usb.o
                0x08007578                USB_DevDisconnect
 .text.USB_ReadInterrupts
                0x0800759a       0x1c ./Drivers/STM32H5xx_HAL_Driver/Src/stm32h5xx_ll_usb.o
                0x0800759a                USB_ReadInterrupts
 .text.USB_WritePMA
                0x080075b6       0xc2 ./Drivers/STM32H5xx_HAL_Driver/Src/stm32h5xx_ll_usb.o
                0x080075b6                USB_WritePMA
 .text.USB_ReadPMA
                0x08007678       0xbc ./Drivers/STM32H5xx_HAL_Driver/Src/stm32h5xx_ll_usb.o
                0x08007678                USB_ReadPMA
 .text.MX_USB_Device_Init
                0x08007734       0x60 ./USB_Device/App/usb_device.o
                0x08007734                MX_USB_Device_Init
 .text.USBD_CDC_Init
                0x08007794      0x1f0 ./USB_Device/App/usbd_cdc.o
 .text.USBD_CDC_DeInit
                0x08007984      0x104 ./USB_Device/App/usbd_cdc.o
 .text.USBD_CDC_Setup
                0x08007a88      0x1b8 ./USB_Device/App/usbd_cdc.o
 .text.USBD_CDC_DataIn
                0x08007c40       0xfe ./USB_Device/App/usbd_cdc.o
 .text.USBD_CDC_DataOut
                0x08007d3e       0x70 ./USB_Device/App/usbd_cdc.o
 .text.USBD_CDC_EP0_RxReady
                0x08007dae       0x74 ./USB_Device/App/usbd_cdc.o
 *fill*         0x08007e22        0x2 
 .text.USBD_CDC_GetFSCfgDesc
                0x08007e24       0x70 ./USB_Device/App/usbd_cdc.o
 .text.USBD_CDC_GetHSCfgDesc
                0x08007e94       0x70 ./USB_Device/App/usbd_cdc.o
 .text.USBD_CDC_GetOtherSpeedCfgDesc
                0x08007f04       0x70 ./USB_Device/App/usbd_cdc.o
 .text.USBD_CDC_GetDeviceQualifierDescriptor
                0x08007f74       0x20 ./USB_Device/App/usbd_cdc.o
                0x08007f74                USBD_CDC_GetDeviceQualifierDescriptor
 .text.USBD_CDC_RegisterInterface
                0x08007f94       0x34 ./USB_Device/App/usbd_cdc.o
                0x08007f94                USBD_CDC_RegisterInterface
 .text.USBD_CDC_SetTxBuffer
                0x08007fc8       0x44 ./USB_Device/App/usbd_cdc.o
                0x08007fc8                USBD_CDC_SetTxBuffer
 .text.USBD_CDC_SetRxBuffer
                0x0800800c       0x3a ./USB_Device/App/usbd_cdc.o
                0x0800800c                USBD_CDC_SetRxBuffer
 *fill*         0x08008046        0x2 
 .text.USBD_CDC_TransmitPacket
                0x08008048       0x80 ./USB_Device/App/usbd_cdc.o
                0x08008048                USBD_CDC_TransmitPacket
 .text.USBD_CDC_ReceivePacket
                0x080080c8       0x6c ./USB_Device/App/usbd_cdc.o
                0x080080c8                USBD_CDC_ReceivePacket
 .text.CDC_Init_FS
                0x08008134       0x28 ./USB_Device/App/usbd_cdc_if.o
 .text.CDC_DeInit_FS
                0x0800815c       0x10 ./USB_Device/App/usbd_cdc_if.o
 .text.CDC_Control_FS
                0x0800816c       0xbc ./USB_Device/App/usbd_cdc_if.o
 .text.CDC_Receive_FS
                0x08008228       0x44 ./USB_Device/App/usbd_cdc_if.o
 .text.CDC_Transmit_FS
                0x0800826c       0x4c ./USB_Device/App/usbd_cdc_if.o
                0x0800826c                CDC_Transmit_FS
 .text.CDC_TransmitCplt_FS
                0x080082b8       0x22 ./USB_Device/App/usbd_cdc_if.o
 .text.USBD_Init
                0x080082da       0x60 ./USB_Device/App/usbd_core.o
                0x080082da                USBD_Init
 .text.USBD_RegisterClass
                0x0800833a       0x6c ./USB_Device/App/usbd_core.o
                0x0800833a                USBD_RegisterClass
 .text.USBD_Start
                0x080083a6       0x18 ./USB_Device/App/usbd_core.o
                0x080083a6                USBD_Start
 .text.USBD_RunTestMode
                0x080083be       0x16 ./USB_Device/App/usbd_core.o
                0x080083be                USBD_RunTestMode
 .text.USBD_SetClassConfig
                0x080083d4       0x38 ./USB_Device/App/usbd_core.o
                0x080083d4                USBD_SetClassConfig
 .text.USBD_ClrClassConfig
                0x0800840c       0x34 ./USB_Device/App/usbd_core.o
                0x0800840c                USBD_ClrClassConfig
 .text.USBD_LL_SetupStage
                0x08008440       0xaa ./USB_Device/App/usbd_core.o
                0x08008440                USBD_LL_SetupStage
 .text.USBD_LL_DataOutStage
                0x080084ea      0x178 ./USB_Device/App/usbd_core.o
                0x080084ea                USBD_LL_DataOutStage
 .text.USBD_LL_DataInStage
                0x08008662      0x176 ./USB_Device/App/usbd_core.o
                0x08008662                USBD_LL_DataInStage
 .text.USBD_LL_Reset
                0x080087d8       0xa6 ./USB_Device/App/usbd_core.o
                0x080087d8                USBD_LL_Reset
 .text.USBD_LL_SetSpeed
                0x0800887e       0x20 ./USB_Device/App/usbd_core.o
                0x0800887e                USBD_LL_SetSpeed
 .text.USBD_LL_Suspend
                0x0800889e       0x38 ./USB_Device/App/usbd_core.o
                0x0800889e                USBD_LL_Suspend
 .text.USBD_LL_Resume
                0x080088d6       0x30 ./USB_Device/App/usbd_core.o
                0x080088d6                USBD_LL_Resume
 .text.USBD_LL_SOF
                0x08008906       0x40 ./USB_Device/App/usbd_core.o
                0x08008906                USBD_LL_SOF
 .text.USBD_CoreFindIF
                0x08008946       0x1a ./USB_Device/App/usbd_core.o
                0x08008946                USBD_CoreFindIF
 .text.USBD_CoreFindEP
                0x08008960       0x1a ./USB_Device/App/usbd_core.o
                0x08008960                USBD_CoreFindEP
 .text.USBD_GetEpDesc
                0x0800897a       0x70 ./USB_Device/App/usbd_core.o
                0x0800897a                USBD_GetEpDesc
 .text.USBD_GetNextDesc
                0x080089ea       0x38 ./USB_Device/App/usbd_core.o
                0x080089ea                USBD_GetNextDesc
 .text.SWAPBYTE
                0x08008a22       0x3c ./USB_Device/App/usbd_ctlreq.o
 *fill*         0x08008a5e        0x2 
 .text.USBD_StdDevReq
                0x08008a60       0xe4 ./USB_Device/App/usbd_ctlreq.o
                0x08008a60                USBD_StdDevReq
 .text.USBD_StdItfReq
                0x08008b44       0xd8 ./USB_Device/App/usbd_ctlreq.o
                0x08008b44                USBD_StdItfReq
 .text.USBD_StdEPReq
                0x08008c1c      0x33e ./USB_Device/App/usbd_ctlreq.o
                0x08008c1c                USBD_StdEPReq
 *fill*         0x08008f5a        0x2 
 .text.USBD_GetDescriptor
                0x08008f5c      0x2d4 ./USB_Device/App/usbd_ctlreq.o
 .text.USBD_SetAddress
                0x08009230       0x88 ./USB_Device/App/usbd_ctlreq.o
 .text.USBD_SetConfig
                0x080092b8      0x154 ./USB_Device/App/usbd_ctlreq.o
 .text.USBD_GetConfig
                0x0800940c       0x6c ./USB_Device/App/usbd_ctlreq.o
 .text.USBD_GetStatus
                0x08009478       0x68 ./USB_Device/App/usbd_ctlreq.o
 .text.USBD_SetFeature
                0x080094e0       0x52 ./USB_Device/App/usbd_ctlreq.o
 .text.USBD_ClrFeature
                0x08009532       0x44 ./USB_Device/App/usbd_ctlreq.o
 .text.USBD_ParseSetupRequest
                0x08009576       0x74 ./USB_Device/App/usbd_ctlreq.o
                0x08009576                USBD_ParseSetupRequest
 .text.USBD_CtlError
                0x080095ea       0x22 ./USB_Device/App/usbd_ctlreq.o
                0x080095ea                USBD_CtlError
 .text.USBD_GetString
                0x0800960c       0xa0 ./USB_Device/App/usbd_ctlreq.o
                0x0800960c                USBD_GetString
 .text.USBD_GetLen
                0x080096ac       0x34 ./USB_Device/App/usbd_ctlreq.o
 .text.USBD_CDC_DeviceDescriptor
                0x080096e0       0x24 ./USB_Device/App/usbd_desc.o
                0x080096e0                USBD_CDC_DeviceDescriptor
 .text.USBD_CDC_LangIDStrDescriptor
                0x08009704       0x24 ./USB_Device/App/usbd_desc.o
                0x08009704                USBD_CDC_LangIDStrDescriptor
 .text.USBD_CDC_ProductStrDescriptor
                0x08009728       0x3c ./USB_Device/App/usbd_desc.o
                0x08009728                USBD_CDC_ProductStrDescriptor
 .text.USBD_CDC_ManufacturerStrDescriptor
                0x08009764       0x28 ./USB_Device/App/usbd_desc.o
                0x08009764                USBD_CDC_ManufacturerStrDescriptor
 .text.USBD_CDC_SerialStrDescriptor
                0x0800978c       0x24 ./USB_Device/App/usbd_desc.o
                0x0800978c                USBD_CDC_SerialStrDescriptor
 .text.USBD_CDC_ConfigStrDescriptor
                0x080097b0       0x3c ./USB_Device/App/usbd_desc.o
                0x080097b0                USBD_CDC_ConfigStrDescriptor
 .text.USBD_CDC_InterfaceStrDescriptor
                0x080097ec       0x3c ./USB_Device/App/usbd_desc.o
                0x080097ec                USBD_CDC_InterfaceStrDescriptor
 .text.Get_SerialNum
                0x08009828       0x58 ./USB_Device/App/usbd_desc.o
 .text.IntToUnicode
                0x08009880       0x7e ./USB_Device/App/usbd_desc.o
 .text.USBD_CtlSendData
                0x080098fe       0x3c ./USB_Device/App/usbd_ioreq.o
                0x080098fe                USBD_CtlSendData
 .text.USBD_CtlContinueSendData
                0x0800993a       0x22 ./USB_Device/App/usbd_ioreq.o
                0x0800993a                USBD_CtlContinueSendData
 .text.USBD_CtlPrepareRx
                0x0800995c       0x42 ./USB_Device/App/usbd_ioreq.o
                0x0800995c                USBD_CtlPrepareRx
 .text.USBD_CtlContinueRx
                0x0800999e       0x22 ./USB_Device/App/usbd_ioreq.o
                0x0800999e                USBD_CtlContinueRx
 .text.USBD_CtlSendStatus
                0x080099c0       0x26 ./USB_Device/App/usbd_ioreq.o
                0x080099c0                USBD_CtlSendStatus
 .text.USBD_CtlReceiveStatus
                0x080099e6       0x26 ./USB_Device/App/usbd_ioreq.o
                0x080099e6                USBD_CtlReceiveStatus
 .text.HAL_PCD_MspInit
                0x08009a0c       0x88 ./USB_Device/Target/usbd_conf.o
                0x08009a0c                HAL_PCD_MspInit
 .text.HAL_PCD_SetupStageCallback
                0x08009a94       0x24 ./USB_Device/Target/usbd_conf.o
                0x08009a94                HAL_PCD_SetupStageCallback
 .text.HAL_PCD_DataOutStageCallback
                0x08009ab8       0x36 ./USB_Device/Target/usbd_conf.o
                0x08009ab8                HAL_PCD_DataOutStageCallback
 .text.HAL_PCD_DataInStageCallback
                0x08009aee       0x34 ./USB_Device/Target/usbd_conf.o
                0x08009aee                HAL_PCD_DataInStageCallback
 .text.HAL_PCD_SOFCallback
                0x08009b22       0x1c ./USB_Device/Target/usbd_conf.o
                0x08009b22                HAL_PCD_SOFCallback
 .text.HAL_PCD_ResetCallback
                0x08009b3e       0x3c ./USB_Device/Target/usbd_conf.o
                0x08009b3e                HAL_PCD_ResetCallback
 *fill*         0x08009b7a        0x2 
 .text.HAL_PCD_SuspendCallback
                0x08009b7c       0x50 ./USB_Device/Target/usbd_conf.o
                0x08009b7c                HAL_PCD_SuspendCallback
 .text.HAL_PCD_ResumeCallback
                0x08009bcc       0x34 ./USB_Device/Target/usbd_conf.o
                0x08009bcc                HAL_PCD_ResumeCallback
 .text.USBD_LL_Init
                0x08009c00       0xbc ./USB_Device/Target/usbd_conf.o
                0x08009c00                USBD_LL_Init
 .text.USBD_LL_Start
                0x08009cbc       0x36 ./USB_Device/Target/usbd_conf.o
                0x08009cbc                USBD_LL_Start
 .text.USBD_LL_OpenEP
                0x08009cf2       0x4c ./USB_Device/Target/usbd_conf.o
                0x08009cf2                USBD_LL_OpenEP
 .text.USBD_LL_CloseEP
                0x08009d3e       0x3e ./USB_Device/Target/usbd_conf.o
                0x08009d3e                USBD_LL_CloseEP
 .text.USBD_LL_StallEP
                0x08009d7c       0x3e ./USB_Device/Target/usbd_conf.o
                0x08009d7c                USBD_LL_StallEP
 .text.USBD_LL_ClearStallEP
                0x08009dba       0x3e ./USB_Device/Target/usbd_conf.o
                0x08009dba                USBD_LL_ClearStallEP
 .text.USBD_LL_IsStallEP
                0x08009df8       0x58 ./USB_Device/Target/usbd_conf.o
                0x08009df8                USBD_LL_IsStallEP
 .text.USBD_LL_SetUSBAddress
                0x08009e50       0x3e ./USB_Device/Target/usbd_conf.o
                0x08009e50                USBD_LL_SetUSBAddress
 .text.USBD_LL_Transmit
                0x08009e8e       0x42 ./USB_Device/Target/usbd_conf.o
                0x08009e8e                USBD_LL_Transmit
 .text.USBD_LL_PrepareReceive
                0x08009ed0       0x42 ./USB_Device/Target/usbd_conf.o
                0x08009ed0                USBD_LL_PrepareReceive
 .text.USBD_LL_GetRxDataSize
                0x08009f12       0x26 ./USB_Device/Target/usbd_conf.o
                0x08009f12                USBD_LL_GetRxDataSize
 .text.USBD_static_malloc
                0x08009f38       0x1c ./USB_Device/Target/usbd_conf.o
                0x08009f38                USBD_static_malloc
 .text.USBD_static_free
                0x08009f54       0x14 ./USB_Device/Target/usbd_conf.o
                0x08009f54                USBD_static_free
 .text.USBD_Get_USB_Status
                0x08009f68       0x58 ./USB_Device/Target/usbd_conf.o
 .text.memset   0x08009fc0       0x10 C:/ST/STM32CubeIDE_1.17.0/STM32CubeIDE/plugins/com.st.stm32cube.ide.mcu.externaltools.gnu-tools-for-stm32.12.3.rel1.win32_1.1.0.202410251130/tools/bin/../lib/gcc/arm-none-eabi/12.3.1/../../../../arm-none-eabi/lib/thumb/v8-m.main+fp/hard\libc_nano.a(libc_a-memset.o)
                0x08009fc0                memset
 .text.__libc_init_array
                0x08009fd0       0x48 C:/ST/STM32CubeIDE_1.17.0/STM32CubeIDE/plugins/com.st.stm32cube.ide.mcu.externaltools.gnu-tools-for-stm32.12.3.rel1.win32_1.1.0.202410251130/tools/bin/../lib/gcc/arm-none-eabi/12.3.1/../../../../arm-none-eabi/lib/thumb/v8-m.main+fp/hard\libc_nano.a(libc_a-init.o)
                0x08009fd0                __libc_init_array
 .text.memcpy   0x0800a018       0x1a C:/ST/STM32CubeIDE_1.17.0/STM32CubeIDE/plugins/com.st.stm32cube.ide.mcu.externaltools.gnu-tools-for-stm32.12.3.rel1.win32_1.1.0.202410251130/tools/bin/../lib/gcc/arm-none-eabi/12.3.1/../../../../arm-none-eabi/lib/thumb/v8-m.main+fp/hard\libc_nano.a(libc_a-memcpy-stub.o)
                0x0800a018                memcpy
 *(.glue_7)
 .glue_7        0x0800a032        0x0 linker stubs
 *(.glue_7t)
 .glue_7t       0x0800a032        0x0 linker stubs
 *(.eh_frame)
 *fill*         0x0800a032        0x2 
 .eh_frame      0x0800a034        0x0 C:/ST/STM32CubeIDE_1.17.0/STM32CubeIDE/plugins/com.st.stm32cube.ide.mcu.externaltools.gnu-tools-for-stm32.12.3.rel1.win32_1.1.0.202410251130/tools/bin/../lib/gcc/arm-none-eabi/12.3.1/thumb/v8-m.main+fp/hard/crtbegin.o
 *(.init)
 .init          0x0800a034        0x4 C:/ST/STM32CubeIDE_1.17.0/STM32CubeIDE/plugins/com.st.stm32cube.ide.mcu.externaltools.gnu-tools-for-stm32.12.3.rel1.win32_1.1.0.202410251130/tools/bin/../lib/gcc/arm-none-eabi/12.3.1/thumb/v8-m.main+fp/hard/crti.o
                0x0800a034                _init
 .init          0x0800a038        0x8 C:/ST/STM32CubeIDE_1.17.0/STM32CubeIDE/plugins/com.st.stm32cube.ide.mcu.externaltools.gnu-tools-for-stm32.12.3.rel1.win32_1.1.0.202410251130/tools/bin/../lib/gcc/arm-none-eabi/12.3.1/thumb/v8-m.main+fp/hard/crtn.o
 *(.fini)
 .fini          0x0800a040        0x4 C:/ST/STM32CubeIDE_1.17.0/STM32CubeIDE/plugins/com.st.stm32cube.ide.mcu.externaltools.gnu-tools-for-stm32.12.3.rel1.win32_1.1.0.202410251130/tools/bin/../lib/gcc/arm-none-eabi/12.3.1/thumb/v8-m.main+fp/hard/crti.o
                0x0800a040                _fini
 .fini          0x0800a044        0x8 C:/ST/STM32CubeIDE_1.17.0/STM32CubeIDE/plugins/com.st.stm32cube.ide.mcu.externaltools.gnu-tools-for-stm32.12.3.rel1.win32_1.1.0.202410251130/tools/bin/../lib/gcc/arm-none-eabi/12.3.1/thumb/v8-m.main+fp/hard/crtn.o
                0x0800a04c                        . = ALIGN (0x4)
                0x0800a04c                        _etext = .

.vfp11_veneer   0x0800a04c        0x0
 .vfp11_veneer  0x0800a04c        0x0 linker stubs

.v4_bx          0x0800a04c        0x0
 .v4_bx         0x0800a04c        0x0 linker stubs

.iplt           0x0800a04c        0x0
 .iplt          0x0800a04c        0x0 C:/ST/STM32CubeIDE_1.17.0/STM32CubeIDE/plugins/com.st.stm32cube.ide.mcu.externaltools.gnu-tools-for-stm32.12.3.rel1.win32_1.1.0.202410251130/tools/bin/../lib/gcc/arm-none-eabi/12.3.1/thumb/v8-m.main+fp/hard/crtbegin.o

.rodata         0x0800a04c       0x58
                0x0800a04c                        . = ALIGN (0x4)
 *(.rodata)
 .rodata        0x0800a04c       0x46 ./USB_Device/App/usbd_desc.o
 *(.rodata*)
 *fill*         0x0800a092        0x2 
 .rodata.AHBPrescTable
                0x0800a094       0x10 ./Core/Src/system_stm32h5xx.o
                0x0800a094                AHBPrescTable
                0x0800a0a4                        . = ALIGN (0x4)

.ARM.extab      0x0800a0a4        0x0
                0x0800a0a4                        . = ALIGN (0x4)
 *(.ARM.extab* .gnu.linkonce.armextab.*)
                0x0800a0a4                        . = ALIGN (0x4)

.ARM            0x0800a0a4        0x0
                0x0800a0a4                        . = ALIGN (0x4)
                0x0800a0a4                        __exidx_start = .
 *(.ARM.exidx*)
                0x0800a0a4                        __exidx_end = .
                0x0800a0a4                        . = ALIGN (0x4)

.preinit_array  0x0800a0a4        0x0
                0x0800a0a4                        . = ALIGN (0x4)
                0x0800a0a4                        PROVIDE (__preinit_array_start = .)
 *(.preinit_array*)
                0x0800a0a4                        PROVIDE (__preinit_array_end = .)
                0x0800a0a4                        . = ALIGN (0x4)

.init_array     0x0800a0a4        0x4
                0x0800a0a4                        . = ALIGN (0x4)
                0x0800a0a4                        PROVIDE (__init_array_start = .)
 *(SORT_BY_NAME(.init_array.*))
 *(.init_array*)
 .init_array    0x0800a0a4        0x4 C:/ST/STM32CubeIDE_1.17.0/STM32CubeIDE/plugins/com.st.stm32cube.ide.mcu.externaltools.gnu-tools-for-stm32.12.3.rel1.win32_1.1.0.202410251130/tools/bin/../lib/gcc/arm-none-eabi/12.3.1/thumb/v8-m.main+fp/hard/crtbegin.o
                0x0800a0a8                        PROVIDE (__init_array_end = .)
                0x0800a0a8                        . = ALIGN (0x4)

.fini_array     0x0800a0a8        0x4
                0x0800a0a8                        . = ALIGN (0x4)
                [!provide]                        PROVIDE (__fini_array_start = .)
 *(SORT_BY_NAME(.fini_array.*))
 *(.fini_array*)
 .fini_array    0x0800a0a8        0x4 C:/ST/STM32CubeIDE_1.17.0/STM32CubeIDE/plugins/com.st.stm32cube.ide.mcu.externaltools.gnu-tools-for-stm32.12.3.rel1.win32_1.1.0.202410251130/tools/bin/../lib/gcc/arm-none-eabi/12.3.1/thumb/v8-m.main+fp/hard/crtbegin.o
                [!provide]                        PROVIDE (__fini_array_end = .)
                0x0800a0ac                        . = ALIGN (0x4)
                0x0800a0ac                        _sidata = LOADADDR (.data)

.rel.dyn        0x0800a0ac        0x0
 .rel.iplt      0x0800a0ac        0x0 C:/ST/STM32CubeIDE_1.17.0/STM32CubeIDE/plugins/com.st.stm32cube.ide.mcu.externaltools.gnu-tools-for-stm32.12.3.rel1.win32_1.1.0.202410251130/tools/bin/../lib/gcc/arm-none-eabi/12.3.1/thumb/v8-m.main+fp/hard/crtbegin.o

.data           0x20000000       0xfc load address 0x0800a0ac
                0x20000000                        . = ALIGN (0x4)
                0x20000000                        _sdata = .
 *(.data)
 *(.data*)
 .data.SystemCoreClock
                0x20000000        0x4 ./Core/Src/system_stm32h5xx.o
                0x20000000                SystemCoreClock
 .data.uwTickPrio
                0x20000004        0x4 ./Drivers/STM32H5xx_HAL_Driver/Src/stm32h5xx_hal.o
                0x20000004                uwTickPrio
 .data.uwTickFreq
                0x20000008        0x1 ./Drivers/STM32H5xx_HAL_Driver/Src/stm32h5xx_hal.o
                0x20000008                uwTickFreq
 *fill*         0x20000009        0x3 
 .data.USBD_CDC_DeviceQualifierDesc
                0x2000000c        0xa ./USB_Device/App/usbd_cdc.o
 *fill*         0x20000016        0x2 
 .data.USBD_CDC
                0x20000018       0x38 ./USB_Device/App/usbd_cdc.o
                0x20000018                USBD_CDC
 .data.USBD_CDC_CfgDesc
                0x20000050       0x43 ./USB_Device/App/usbd_cdc.o
 .data.CDCInEpAdd
                0x20000093        0x1 ./USB_Device/App/usbd_cdc.o
 .data.CDCOutEpAdd
                0x20000094        0x1 ./USB_Device/App/usbd_cdc.o
 .data.CDCCmdEpAdd
                0x20000095        0x1 ./USB_Device/App/usbd_cdc.o
 *fill*         0x20000096        0x2 
 .data.USBD_Interface_fops_FS
                0x20000098       0x14 ./USB_Device/App/usbd_cdc_if.o
                0x20000098                USBD_Interface_fops_FS
 .data.CDC_Desc
                0x200000ac       0x1c ./USB_Device/App/usbd_desc.o
                0x200000ac                CDC_Desc
 .data.USBD_CDC_DeviceDesc
                0x200000c8       0x12 ./USB_Device/App/usbd_desc.o
                0x200000c8                USBD_CDC_DeviceDesc
 *fill*         0x200000da        0x2 
 .data.USBD_LangIDDesc
                0x200000dc        0x4 ./USB_Device/App/usbd_desc.o
                0x200000dc                USBD_LangIDDesc
 .data.USBD_StringSerial
                0x200000e0       0x1a ./USB_Device/App/usbd_desc.o
                0x200000e0                USBD_StringSerial
 *(.RamFunc)
 *(.RamFunc*)
                0x200000fc                        . = ALIGN (0x4)
 *fill*         0x200000fa        0x2 
                0x200000fc                        _edata = .

.igot.plt       0x200000fc        0x0 load address 0x0800a1a8
 .igot.plt      0x200000fc        0x0 C:/ST/STM32CubeIDE_1.17.0/STM32CubeIDE/plugins/com.st.stm32cube.ide.mcu.externaltools.gnu-tools-for-stm32.12.3.rel1.win32_1.1.0.202410251130/tools/bin/../lib/gcc/arm-none-eabi/12.3.1/thumb/v8-m.main+fp/hard/crtbegin.o
                0x200000fc                        . = ALIGN (0x4)

.bss            0x200000fc     0x1a50 load address 0x0800a1a8
                0x200000fc                        _sbss = .
                0x200000fc                        __bss_start__ = _sbss
 *(.bss)
 .bss           0x200000fc       0x1c C:/ST/STM32CubeIDE_1.17.0/STM32CubeIDE/plugins/com.st.stm32cube.ide.mcu.externaltools.gnu-tools-for-stm32.12.3.rel1.win32_1.1.0.202410251130/tools/bin/../lib/gcc/arm-none-eabi/12.3.1/thumb/v8-m.main+fp/hard/crtbegin.o
 *(.bss*)
 .bss.htim7     0x20000118       0x4c ./Core/Src/tim.o
                0x20000118                htim7
 .bss.hpcd_USB_DRD_FS
                0x20000164      0x2e4 ./Core/Src/usb.o
                0x20000164                hpcd_USB_DRD_FS
 .bss.t1        0x20000448        0x4 ./Custom/custom_main.o
                0x20000448                t1
 .bss.one_sec_flag
                0x2000044c        0x1 ./Custom/custom_main.o
                0x2000044c                one_sec_flag
 .bss.led_en    0x2000044d        0x1 ./Custom/custom_main.o
                0x2000044d                led_en
 *fill*         0x2000044e        0x2 
 .bss.rx_buf    0x20000450      0x12c ./Custom/usb_mgr.o
                0x20000450                rx_buf
 .bss.rx_len    0x2000057c        0x2 ./Custom/usb_mgr.o
                0x2000057c                rx_len
 .bss.has_rx    0x2000057e        0x1 ./Custom/usb_mgr.o
                0x2000057e                has_rx
 *fill*         0x2000057f        0x1 
 .bss.uwTick    0x20000580        0x4 ./Drivers/STM32H5xx_HAL_Driver/Src/stm32h5xx_hal.o
                0x20000580                uwTick
 .bss.hUsbDeviceFS
                0x20000584      0x2dc ./USB_Device/App/usb_device.o
                0x20000584                hUsbDeviceFS
 .bss.UserRxBufferFS
                0x20000860      0x800 ./USB_Device/App/usbd_cdc_if.o
                0x20000860                UserRxBufferFS
 .bss.UserTxBufferFS
                0x20001060      0x800 ./USB_Device/App/usbd_cdc_if.o
                0x20001060                UserTxBufferFS
 .bss.cfgidx.0  0x20001860        0x1 ./USB_Device/App/usbd_ctlreq.o
 *fill*         0x20001861        0x3 
 .bss.USBD_StrDesc
                0x20001864       0xc8 ./USB_Device/App/usbd_desc.o
                0x20001864                USBD_StrDesc
 .bss.mem.0     0x2000192c      0x220 ./USB_Device/Target/usbd_conf.o
 *(COMMON)
                0x20001b4c                        . = ALIGN (0x4)
                0x20001b4c                        _ebss = .
                0x20001b4c                        __bss_end__ = _ebss

._user_heap_stack
                0x20001b4c      0x604 load address 0x0800a1a8
                0x20001b50                        . = ALIGN (0x8)
 *fill*         0x20001b4c        0x4 
                [!provide]                        PROVIDE (end = .)
                0x20001b50                        PROVIDE (_end = .)
                0x20001d50                        . = (. + _Min_Heap_Size)
 *fill*         0x20001b50      0x200 
                0x20002150                        . = (. + _Min_Stack_Size)
 *fill*         0x20001d50      0x400 
                0x20002150                        . = ALIGN (0x8)

/DISCARD/
 libc.a(*)
 libm.a(*)
 libgcc.a(*)

.ARM.attributes
                0x00000000       0x36
 *(.ARM.attributes)
 .ARM.attributes
                0x00000000       0x26 C:/ST/STM32CubeIDE_1.17.0/STM32CubeIDE/plugins/com.st.stm32cube.ide.mcu.externaltools.gnu-tools-for-stm32.12.3.rel1.win32_1.1.0.202410251130/tools/bin/../lib/gcc/arm-none-eabi/12.3.1/thumb/v8-m.main+fp/hard/crti.o
 .ARM.attributes
                0x00000026       0x38 C:/ST/STM32CubeIDE_1.17.0/STM32CubeIDE/plugins/com.st.stm32cube.ide.mcu.externaltools.gnu-tools-for-stm32.12.3.rel1.win32_1.1.0.202410251130/tools/bin/../lib/gcc/arm-none-eabi/12.3.1/thumb/v8-m.main+fp/hard/crtbegin.o
 .ARM.attributes
                0x0000005e       0x3a ./Core/Src/gpio.o
 .ARM.attributes
                0x00000098       0x3a ./Core/Src/main.o
 .ARM.attributes
                0x000000d2       0x3a ./Core/Src/stm32h5xx_hal_msp.o
 .ARM.attributes
                0x0000010c       0x3a ./Core/Src/stm32h5xx_it.o
 .ARM.attributes
                0x00000146       0x3a ./Core/Src/system_stm32h5xx.o
 .ARM.attributes
                0x00000180       0x3a ./Core/Src/tim.o
 .ARM.attributes
                0x000001ba       0x3a ./Core/Src/usb.o
 .ARM.attributes
                0x000001f4       0x24 ./Core/Startup/startup_stm32h523ccux.o
 .ARM.attributes
                0x00000218       0x3a ./Custom/custom_main.o
 .ARM.attributes
                0x00000252       0x3a ./Custom/usb_mgr.o
 .ARM.attributes
                0x0000028c       0x3a ./Drivers/STM32H5xx_HAL_Driver/Src/stm32h5xx_hal.o
 .ARM.attributes
                0x000002c6       0x3a ./Drivers/STM32H5xx_HAL_Driver/Src/stm32h5xx_hal_cortex.o
 .ARM.attributes
                0x00000300       0x3a ./Drivers/STM32H5xx_HAL_Driver/Src/stm32h5xx_hal_gpio.o
 .ARM.attributes
                0x0000033a       0x3a ./Drivers/STM32H5xx_HAL_Driver/Src/stm32h5xx_hal_pcd.o
 .ARM.attributes
                0x00000374       0x3a ./Drivers/STM32H5xx_HAL_Driver/Src/stm32h5xx_hal_pcd_ex.o
 .ARM.attributes
                0x000003ae       0x3a ./Drivers/STM32H5xx_HAL_Driver/Src/stm32h5xx_hal_pwr_ex.o
 .ARM.attributes
                0x000003e8       0x3a ./Drivers/STM32H5xx_HAL_Driver/Src/stm32h5xx_hal_rcc.o
 .ARM.attributes
                0x00000422       0x3a ./Drivers/STM32H5xx_HAL_Driver/Src/stm32h5xx_hal_rcc_ex.o
 .ARM.attributes
                0x0000045c       0x3a ./Drivers/STM32H5xx_HAL_Driver/Src/stm32h5xx_hal_tim.o
 .ARM.attributes
                0x00000496       0x3a ./Drivers/STM32H5xx_HAL_Driver/Src/stm32h5xx_hal_tim_ex.o
 .ARM.attributes
                0x000004d0       0x3a ./Drivers/STM32H5xx_HAL_Driver/Src/stm32h5xx_ll_usb.o
 .ARM.attributes
                0x0000050a       0x3a ./USB_Device/App/usb_device.o
 .ARM.attributes
                0x00000544       0x3a ./USB_Device/App/usbd_cdc.o
 .ARM.attributes
                0x0000057e       0x3a ./USB_Device/App/usbd_cdc_if.o
 .ARM.attributes
                0x000005b8       0x3a ./USB_Device/App/usbd_core.o
 .ARM.attributes
                0x000005f2       0x3a ./USB_Device/App/usbd_ctlreq.o
 .ARM.attributes
                0x0000062c       0x3a ./USB_Device/App/usbd_desc.o
 .ARM.attributes
                0x00000666       0x3a ./USB_Device/App/usbd_ioreq.o
 .ARM.attributes
                0x000006a0       0x3a ./USB_Device/Target/usbd_conf.o
 .ARM.attributes
                0x000006da       0x38 C:/ST/STM32CubeIDE_1.17.0/STM32CubeIDE/plugins/com.st.stm32cube.ide.mcu.externaltools.gnu-tools-for-stm32.12.3.rel1.win32_1.1.0.202410251130/tools/bin/../lib/gcc/arm-none-eabi/12.3.1/../../../../arm-none-eabi/lib/thumb/v8-m.main+fp/hard\libc_nano.a(libc_a-memset.o)
 .ARM.attributes
                0x00000712       0x38 C:/ST/STM32CubeIDE_1.17.0/STM32CubeIDE/plugins/com.st.stm32cube.ide.mcu.externaltools.gnu-tools-for-stm32.12.3.rel1.win32_1.1.0.202410251130/tools/bin/../lib/gcc/arm-none-eabi/12.3.1/../../../../arm-none-eabi/lib/thumb/v8-m.main+fp/hard\libc_nano.a(libc_a-init.o)
 .ARM.attributes
                0x0000074a       0x38 C:/ST/STM32CubeIDE_1.17.0/STM32CubeIDE/plugins/com.st.stm32cube.ide.mcu.externaltools.gnu-tools-for-stm32.12.3.rel1.win32_1.1.0.202410251130/tools/bin/../lib/gcc/arm-none-eabi/12.3.1/../../../../arm-none-eabi/lib/thumb/v8-m.main+fp/hard\libc_nano.a(libc_a-memcpy-stub.o)
 .ARM.attributes
                0x00000782       0x26 C:/ST/STM32CubeIDE_1.17.0/STM32CubeIDE/plugins/com.st.stm32cube.ide.mcu.externaltools.gnu-tools-for-stm32.12.3.rel1.win32_1.1.0.202410251130/tools/bin/../lib/gcc/arm-none-eabi/12.3.1/thumb/v8-m.main+fp/hard/crtn.o
OUTPUT(h523_template.elf elf32-littlearm)
LOAD linker stubs
LOAD C:/ST/STM32CubeIDE_1.17.0/STM32CubeIDE/plugins/com.st.stm32cube.ide.mcu.externaltools.gnu-tools-for-stm32.12.3.rel1.win32_1.1.0.202410251130/tools/bin/../lib/gcc/arm-none-eabi/12.3.1/../../../../arm-none-eabi/lib/thumb/v8-m.main+fp/hard\libc.a
LOAD C:/ST/STM32CubeIDE_1.17.0/STM32CubeIDE/plugins/com.st.stm32cube.ide.mcu.externaltools.gnu-tools-for-stm32.12.3.rel1.win32_1.1.0.202410251130/tools/bin/../lib/gcc/arm-none-eabi/12.3.1/../../../../arm-none-eabi/lib/thumb/v8-m.main+fp/hard\libm.a
LOAD C:/ST/STM32CubeIDE_1.17.0/STM32CubeIDE/plugins/com.st.stm32cube.ide.mcu.externaltools.gnu-tools-for-stm32.12.3.rel1.win32_1.1.0.202410251130/tools/bin/../lib/gcc/arm-none-eabi/12.3.1/thumb/v8-m.main+fp/hard\libgcc.a

.debug_info     0x00000000    0x197be
 .debug_info    0x00000000      0x5ec ./Core/Src/gpio.o
 .debug_info    0x000005ec      0x7e0 ./Core/Src/main.o
 .debug_info    0x00000dcc       0x9f ./Core/Src/stm32h5xx_hal_msp.o
 .debug_info    0x00000e6b      0xe3c ./Core/Src/stm32h5xx_it.o
 .debug_info    0x00001ca7      0xce0 ./Core/Src/system_stm32h5xx.o
 .debug_info    0x00002987     0x10b1 ./Core/Src/tim.o
 .debug_info    0x00003a38      0x5cc ./Core/Src/usb.o
 .debug_info    0x00004004       0x30 ./Core/Startup/startup_stm32h523ccux.o
 .debug_info    0x00004034      0xaa9 ./Custom/custom_main.o
 .debug_info    0x00004add      0x315 ./Custom/usb_mgr.o
 .debug_info    0x00004df2     0x12f0 ./Drivers/STM32H5xx_HAL_Driver/Src/stm32h5xx_hal.o
 .debug_info    0x000060e2     0x15ce ./Drivers/STM32H5xx_HAL_Driver/Src/stm32h5xx_hal_cortex.o
 .debug_info    0x000076b0      0x6b6 ./Drivers/STM32H5xx_HAL_Driver/Src/stm32h5xx_hal_gpio.o
 .debug_info    0x00007d66     0x14e5 ./Drivers/STM32H5xx_HAL_Driver/Src/stm32h5xx_hal_pcd.o
 .debug_info    0x0000924b      0x7eb ./Drivers/STM32H5xx_HAL_Driver/Src/stm32h5xx_hal_pcd_ex.o
 .debug_info    0x00009a36      0x928 ./Drivers/STM32H5xx_HAL_Driver/Src/stm32h5xx_hal_pwr_ex.o
 .debug_info    0x0000a35e     0x1009 ./Drivers/STM32H5xx_HAL_Driver/Src/stm32h5xx_hal_rcc.o
 .debug_info    0x0000b367     0x1204 ./Drivers/STM32H5xx_HAL_Driver/Src/stm32h5xx_hal_rcc_ex.o
 .debug_info    0x0000c56b     0x2e54 ./Drivers/STM32H5xx_HAL_Driver/Src/stm32h5xx_hal_tim.o
 .debug_info    0x0000f3bf     0x1eaa ./Drivers/STM32H5xx_HAL_Driver/Src/stm32h5xx_hal_tim_ex.o
 .debug_info    0x00011269     0x1a26 ./Drivers/STM32H5xx_HAL_Driver/Src/stm32h5xx_ll_usb.o
 .debug_info    0x00012c8f      0x74d ./USB_Device/App/usb_device.o
 .debug_info    0x000133dc     0x1282 ./USB_Device/App/usbd_cdc.o
 .debug_info    0x0001465e      0xa07 ./USB_Device/App/usbd_cdc_if.o
 .debug_info    0x00015065      0xe20 ./USB_Device/App/usbd_core.o
 .debug_info    0x00015e85      0xaf9 ./USB_Device/App/usbd_ctlreq.o
 .debug_info    0x0001697e      0x45b ./USB_Device/App/usbd_desc.o
 .debug_info    0x00016dd9      0x770 ./USB_Device/App/usbd_ioreq.o
 .debug_info    0x00017549     0x2275 ./USB_Device/Target/usbd_conf.o

.debug_abbrev   0x00000000     0x3cfc
 .debug_abbrev  0x00000000      0x179 ./Core/Src/gpio.o
 .debug_abbrev  0x00000179      0x1e5 ./Core/Src/main.o
 .debug_abbrev  0x0000035e       0x45 ./Core/Src/stm32h5xx_hal_msp.o
 .debug_abbrev  0x000003a3      0x20b ./Core/Src/stm32h5xx_it.o
 .debug_abbrev  0x000005ae      0x13a ./Core/Src/system_stm32h5xx.o
 .debug_abbrev  0x000006e8      0x22c ./Core/Src/tim.o
 .debug_abbrev  0x00000914      0x186 ./Core/Src/usb.o
 .debug_abbrev  0x00000a9a       0x24 ./Core/Startup/startup_stm32h523ccux.o
 .debug_abbrev  0x00000abe      0x202 ./Custom/custom_main.o
 .debug_abbrev  0x00000cc0      0x173 ./Custom/usb_mgr.o
 .debug_abbrev  0x00000e33      0x2af ./Drivers/STM32H5xx_HAL_Driver/Src/stm32h5xx_hal.o
 .debug_abbrev  0x000010e2      0x311 ./Drivers/STM32H5xx_HAL_Driver/Src/stm32h5xx_hal_cortex.o
 .debug_abbrev  0x000013f3      0x1db ./Drivers/STM32H5xx_HAL_Driver/Src/stm32h5xx_hal_gpio.o
 .debug_abbrev  0x000015ce      0x302 ./Drivers/STM32H5xx_HAL_Driver/Src/stm32h5xx_hal_pcd.o
 .debug_abbrev  0x000018d0      0x1e8 ./Drivers/STM32H5xx_HAL_Driver/Src/stm32h5xx_hal_pcd_ex.o
 .debug_abbrev  0x00001ab8      0x299 ./Drivers/STM32H5xx_HAL_Driver/Src/stm32h5xx_hal_pwr_ex.o
 .debug_abbrev  0x00001d51      0x290 ./Drivers/STM32H5xx_HAL_Driver/Src/stm32h5xx_hal_rcc.o
 .debug_abbrev  0x00001fe1      0x25c ./Drivers/STM32H5xx_HAL_Driver/Src/stm32h5xx_hal_rcc_ex.o
 .debug_abbrev  0x0000223d      0x2bd ./Drivers/STM32H5xx_HAL_Driver/Src/stm32h5xx_hal_tim.o
 .debug_abbrev  0x000024fa      0x2c7 ./Drivers/STM32H5xx_HAL_Driver/Src/stm32h5xx_hal_tim_ex.o
 .debug_abbrev  0x000027c1      0x237 ./Drivers/STM32H5xx_HAL_Driver/Src/stm32h5xx_ll_usb.o
 .debug_abbrev  0x000029f8      0x196 ./USB_Device/App/usb_device.o
 .debug_abbrev  0x00002b8e      0x2c2 ./USB_Device/App/usbd_cdc.o
 .debug_abbrev  0x00002e50      0x2d7 ./USB_Device/App/usbd_cdc_if.o
 .debug_abbrev  0x00003127      0x27c ./USB_Device/App/usbd_core.o
 .debug_abbrev  0x000033a3      0x26f ./USB_Device/App/usbd_ctlreq.o
 .debug_abbrev  0x00003612      0x208 ./USB_Device/App/usbd_desc.o
 .debug_abbrev  0x0000381a      0x19a ./USB_Device/App/usbd_ioreq.o
 .debug_abbrev  0x000039b4      0x348 ./USB_Device/Target/usbd_conf.o

.debug_aranges  0x00000000     0x15a0
 .debug_aranges
                0x00000000       0x20 ./Core/Src/gpio.o
 .debug_aranges
                0x00000020       0x30 ./Core/Src/main.o
 .debug_aranges
                0x00000050       0x20 ./Core/Src/stm32h5xx_hal_msp.o
 .debug_aranges
                0x00000070       0x70 ./Core/Src/stm32h5xx_it.o
 .debug_aranges
                0x000000e0       0x28 ./Core/Src/system_stm32h5xx.o
 .debug_aranges
                0x00000108       0x30 ./Core/Src/tim.o
 .debug_aranges
                0x00000138       0x20 ./Core/Src/usb.o
 .debug_aranges
                0x00000158       0x28 ./Core/Startup/startup_stm32h523ccux.o
 .debug_aranges
                0x00000180       0x30 ./Custom/custom_main.o
 .debug_aranges
                0x000001b0       0x30 ./Custom/usb_mgr.o
 .debug_aranges
                0x000001e0      0x1f8 ./Drivers/STM32H5xx_HAL_Driver/Src/stm32h5xx_hal.o
 .debug_aranges
                0x000003d8      0x140 ./Drivers/STM32H5xx_HAL_Driver/Src/stm32h5xx_hal_cortex.o
 .debug_aranges
                0x00000518       0x78 ./Drivers/STM32H5xx_HAL_Driver/Src/stm32h5xx_hal_gpio.o
 .debug_aranges
                0x00000590      0x150 ./Drivers/STM32H5xx_HAL_Driver/Src/stm32h5xx_hal_pcd.o
 .debug_aranges
                0x000006e0       0x58 ./Drivers/STM32H5xx_HAL_Driver/Src/stm32h5xx_hal_pcd_ex.o
 .debug_aranges
                0x00000738      0x148 ./Drivers/STM32H5xx_HAL_Driver/Src/stm32h5xx_hal_pwr_ex.o
 .debug_aranges
                0x00000880       0xa0 ./Drivers/STM32H5xx_HAL_Driver/Src/stm32h5xx_hal_rcc.o
 .debug_aranges
                0x00000920      0x108 ./Drivers/STM32H5xx_HAL_Driver/Src/stm32h5xx_hal_rcc_ex.o
 .debug_aranges
                0x00000a28      0x3e8 ./Drivers/STM32H5xx_HAL_Driver/Src/stm32h5xx_hal_tim.o
 .debug_aranges
                0x00000e10      0x240 ./Drivers/STM32H5xx_HAL_Driver/Src/stm32h5xx_hal_tim_ex.o
 .debug_aranges
                0x00001050      0x130 ./Drivers/STM32H5xx_HAL_Driver/Src/stm32h5xx_ll_usb.o
 .debug_aranges
                0x00001180       0x20 ./USB_Device/App/usb_device.o
 .debug_aranges
                0x000011a0       0x90 ./USB_Device/App/usbd_cdc.o
 .debug_aranges
                0x00001230       0x48 ./USB_Device/App/usbd_cdc_if.o
 .debug_aranges
                0x00001278       0xd8 ./USB_Device/App/usbd_core.o
 .debug_aranges
                0x00001350       0x90 ./USB_Device/App/usbd_ctlreq.o
 .debug_aranges
                0x000013e0       0x60 ./USB_Device/App/usbd_desc.o
 .debug_aranges
                0x00001440       0x50 ./USB_Device/App/usbd_ioreq.o
 .debug_aranges
                0x00001490      0x110 ./USB_Device/Target/usbd_conf.o

.debug_rnglists
                0x00000000     0x1055
 .debug_rnglists
                0x00000000       0x14 ./Core/Src/gpio.o
 .debug_rnglists
                0x00000014       0x20 ./Core/Src/main.o
 .debug_rnglists
                0x00000034       0x13 ./Core/Src/stm32h5xx_hal_msp.o
 .debug_rnglists
                0x00000047       0x4f ./Core/Src/stm32h5xx_it.o
 .debug_rnglists
                0x00000096       0x1b ./Core/Src/system_stm32h5xx.o
 .debug_rnglists
                0x000000b1       0x1f ./Core/Src/tim.o
 .debug_rnglists
                0x000000d0       0x13 ./Core/Src/usb.o
 .debug_rnglists
                0x000000e3       0x19 ./Core/Startup/startup_stm32h523ccux.o
 .debug_rnglists
                0x000000fc       0x1f ./Custom/custom_main.o
 .debug_rnglists
                0x0000011b       0x1f ./Custom/usb_mgr.o
 .debug_rnglists
                0x0000013a      0x177 ./Drivers/STM32H5xx_HAL_Driver/Src/stm32h5xx_hal.o
 .debug_rnglists
                0x000002b1       0xec ./Drivers/STM32H5xx_HAL_Driver/Src/stm32h5xx_hal_cortex.o
 .debug_rnglists
                0x0000039d       0x57 ./Drivers/STM32H5xx_HAL_Driver/Src/stm32h5xx_hal_gpio.o
 .debug_rnglists
                0x000003f4      0x100 ./Drivers/STM32H5xx_HAL_Driver/Src/stm32h5xx_hal_pcd.o
 .debug_rnglists
                0x000004f4       0x3f ./Drivers/STM32H5xx_HAL_Driver/Src/stm32h5xx_hal_pcd_ex.o
 .debug_rnglists
                0x00000533       0xf3 ./Drivers/STM32H5xx_HAL_Driver/Src/stm32h5xx_hal_pwr_ex.o
 .debug_rnglists
                0x00000626       0x79 ./Drivers/STM32H5xx_HAL_Driver/Src/stm32h5xx_hal_rcc.o
 .debug_rnglists
                0x0000069f       0xcf ./Drivers/STM32H5xx_HAL_Driver/Src/stm32h5xx_hal_rcc_ex.o
 .debug_rnglists
                0x0000076e      0x32e ./Drivers/STM32H5xx_HAL_Driver/Src/stm32h5xx_hal_tim.o
 .debug_rnglists
                0x00000a9c      0x1cb ./Drivers/STM32H5xx_HAL_Driver/Src/stm32h5xx_hal_tim_ex.o
 .debug_rnglists
                0x00000c67       0xeb ./Drivers/STM32H5xx_HAL_Driver/Src/stm32h5xx_ll_usb.o
 .debug_rnglists
                0x00000d52       0x13 ./USB_Device/App/usb_device.o
 .debug_rnglists
                0x00000d65       0x6c ./USB_Device/App/usbd_cdc.o
 .debug_rnglists
                0x00000dd1       0x32 ./USB_Device/App/usbd_cdc_if.o
 .debug_rnglists
                0x00000e03       0xa1 ./USB_Device/App/usbd_core.o
 .debug_rnglists
                0x00000ea4       0x6e ./USB_Device/App/usbd_ctlreq.o
 .debug_rnglists
                0x00000f12       0x43 ./USB_Device/App/usbd_desc.o
 .debug_rnglists
                0x00000f55       0x37 ./USB_Device/App/usbd_ioreq.o
 .debug_rnglists
                0x00000f8c       0xc9 ./USB_Device/Target/usbd_conf.o

.debug_macro    0x00000000    0x2dcf3
 .debug_macro   0x00000000      0x31b ./Core/Src/gpio.o
 .debug_macro   0x0000031b      0xaba ./Core/Src/gpio.o
 .debug_macro   0x00000dd5      0x199 ./Core/Src/gpio.o
 .debug_macro   0x00000f6e       0x22 ./Core/Src/gpio.o
 .debug_macro   0x00000f90       0x5b ./Core/Src/gpio.o
 .debug_macro   0x00000feb       0x2a ./Core/Src/gpio.o
 .debug_macro   0x00001015       0x94 ./Core/Src/gpio.o
 .debug_macro   0x000010a9       0x43 ./Core/Src/gpio.o
 .debug_macro   0x000010ec       0x34 ./Core/Src/gpio.o
 .debug_macro   0x00001120      0x189 ./Core/Src/gpio.o
 .debug_macro   0x000012a9       0x16 ./Core/Src/gpio.o
 .debug_macro   0x000012bf       0x43 ./Core/Src/gpio.o
 .debug_macro   0x00001302       0x57 ./Core/Src/gpio.o
 .debug_macro   0x00001359       0x34 ./Core/Src/gpio.o
 .debug_macro   0x0000138d       0x10 ./Core/Src/gpio.o
 .debug_macro   0x0000139d       0x58 ./Core/Src/gpio.o
 .debug_macro   0x000013f5       0x8e ./Core/Src/gpio.o
 .debug_macro   0x00001483       0x1c ./Core/Src/gpio.o
 .debug_macro   0x0000149f      0x177 ./Core/Src/gpio.o
 .debug_macro   0x00001616      0x369 ./Core/Src/gpio.o
 .debug_macro   0x0000197f      0x19b ./Core/Src/gpio.o
 .debug_macro   0x00001b1a       0x28 ./Core/Src/gpio.o
 .debug_macro   0x00001b42       0x42 ./Core/Src/gpio.o
 .debug_macro   0x00001b84      0x103 ./Core/Src/gpio.o
 .debug_macro   0x00001c87       0x6a ./Core/Src/gpio.o
 .debug_macro   0x00001cf1      0x1df ./Core/Src/gpio.o
 .debug_macro   0x00001ed0       0x1c ./Core/Src/gpio.o
 .debug_macro   0x00001eec       0x29 ./Core/Src/gpio.o
 .debug_macro   0x00001f15       0xfb ./Core/Src/gpio.o
 .debug_macro   0x00002010     0x1685 ./Core/Src/gpio.o
 .debug_macro   0x00003695       0x5e ./Core/Src/gpio.o
 .debug_macro   0x000036f3    0x1b328 ./Core/Src/gpio.o
 .debug_macro   0x0001ea1b       0x6d ./Core/Src/gpio.o
 .debug_macro   0x0001ea88     0x388a ./Core/Src/gpio.o
 .debug_macro   0x00022312       0x63 ./Core/Src/gpio.o
 .debug_macro   0x00022375     0x19b8 ./Core/Src/gpio.o
 .debug_macro   0x00023d2d      0xa9f ./Core/Src/gpio.o
 .debug_macro   0x000247cc      0x166 ./Core/Src/gpio.o
 .debug_macro   0x00024932      0x269 ./Core/Src/gpio.o
 .debug_macro   0x00024b9b      0x72d ./Core/Src/gpio.o
 .debug_macro   0x000252c8      0x424 ./Core/Src/gpio.o
 .debug_macro   0x000256ec       0xd6 ./Core/Src/gpio.o
 .debug_macro   0x000257c2      0x1cd ./Core/Src/gpio.o
 .debug_macro   0x0002598f      0x2bb ./Core/Src/gpio.o
 .debug_macro   0x00025c4a      0x57b ./Core/Src/gpio.o
 .debug_macro   0x000261c5       0x7b ./Core/Src/gpio.o
 .debug_macro   0x00026240      0x313 ./Core/Src/gpio.o
 .debug_macro   0x00026553      0x1bb ./Core/Src/gpio.o
 .debug_macro   0x0002670e      0xbe8 ./Core/Src/gpio.o
 .debug_macro   0x000272f6      0x37d ./Core/Src/gpio.o
 .debug_macro   0x00027673      0x23f ./Core/Src/gpio.o
 .debug_macro   0x000278b2      0x169 ./Core/Src/gpio.o
 .debug_macro   0x00027a1b      0x253 ./Core/Src/gpio.o
 .debug_macro   0x00027c6e      0x3f9 ./Core/Src/gpio.o
 .debug_macro   0x00028067       0x1c ./Core/Src/gpio.o
 .debug_macro   0x00028083       0x35 ./Core/Src/gpio.o
 .debug_macro   0x000280b8       0x10 ./Core/Src/gpio.o
 .debug_macro   0x000280c8       0x1c ./Core/Src/gpio.o
 .debug_macro   0x000280e4       0x16 ./Core/Src/gpio.o
 .debug_macro   0x000280fa      0x146 ./Core/Src/gpio.o
 .debug_macro   0x00028240       0x16 ./Core/Src/gpio.o
 .debug_macro   0x00028256       0x20 ./Core/Src/gpio.o
 .debug_macro   0x00028276       0x22 ./Core/Src/gpio.o
 .debug_macro   0x00028298       0x1c ./Core/Src/gpio.o
 .debug_macro   0x000282b4      0x33d ./Core/Src/main.o
 .debug_macro   0x000285f1      0x311 ./Core/Src/stm32h5xx_hal_msp.o
 .debug_macro   0x00028902      0x31b ./Core/Src/stm32h5xx_it.o
 .debug_macro   0x00028c1d      0x284 ./Core/Src/system_stm32h5xx.o
 .debug_macro   0x00028ea1      0x31b ./Core/Src/tim.o
 .debug_macro   0x000291bc      0x31b ./Core/Src/usb.o
 .debug_macro   0x000294d7      0x3df ./Custom/custom_main.o
 .debug_macro   0x000298b6       0x5e ./Custom/custom_main.o
 .debug_macro   0x00029914      0x20f ./Custom/custom_main.o
 .debug_macro   0x00029b23       0x95 ./Custom/custom_main.o
 .debug_macro   0x00029bb8       0x10 ./Custom/custom_main.o
 .debug_macro   0x00029bc8      0x3cb ./Custom/usb_mgr.o
 .debug_macro   0x00029f93      0x2b3 ./Drivers/STM32H5xx_HAL_Driver/Src/stm32h5xx_hal.o
 .debug_macro   0x0002a246      0x27d ./Drivers/STM32H5xx_HAL_Driver/Src/stm32h5xx_hal_cortex.o
 .debug_macro   0x0002a4c3      0x2b3 ./Drivers/STM32H5xx_HAL_Driver/Src/stm32h5xx_hal_gpio.o
 .debug_macro   0x0002a776      0x289 ./Drivers/STM32H5xx_HAL_Driver/Src/stm32h5xx_hal_pcd.o
 .debug_macro   0x0002a9ff      0x27d ./Drivers/STM32H5xx_HAL_Driver/Src/stm32h5xx_hal_pcd_ex.o
 .debug_macro   0x0002ac7c      0x2a7 ./Drivers/STM32H5xx_HAL_Driver/Src/stm32h5xx_hal_pwr_ex.o
 .debug_macro   0x0002af23      0x2bf ./Drivers/STM32H5xx_HAL_Driver/Src/stm32h5xx_hal_rcc.o
 .debug_macro   0x0002b1e2      0x28f ./Drivers/STM32H5xx_HAL_Driver/Src/stm32h5xx_hal_rcc_ex.o
 .debug_macro   0x0002b471      0x285 ./Drivers/STM32H5xx_HAL_Driver/Src/stm32h5xx_hal_tim.o
 .debug_macro   0x0002b6f6      0x283 ./Drivers/STM32H5xx_HAL_Driver/Src/stm32h5xx_hal_tim_ex.o
 .debug_macro   0x0002b979      0x27d ./Drivers/STM32H5xx_HAL_Driver/Src/stm32h5xx_ll_usb.o
 .debug_macro   0x0002bbf6      0x3b0 ./USB_Device/App/usb_device.o
 .debug_macro   0x0002bfa6       0x22 ./USB_Device/App/usb_device.o
 .debug_macro   0x0002bfc8       0x9b ./USB_Device/App/usb_device.o
 .debug_macro   0x0002c063       0x16 ./USB_Device/App/usb_device.o
 .debug_macro   0x0002c079      0x376 ./USB_Device/App/usbd_cdc.o
 .debug_macro   0x0002c3ef       0x16 ./USB_Device/App/usbd_cdc.o
 .debug_macro   0x0002c405       0x9e ./USB_Device/App/usbd_cdc.o
 .debug_macro   0x0002c4a3      0x10b ./USB_Device/App/usbd_cdc.o
 .debug_macro   0x0002c5ae       0x16 ./USB_Device/App/usbd_cdc.o
 .debug_macro   0x0002c5c4      0x3b5 ./USB_Device/App/usbd_cdc_if.o
 .debug_macro   0x0002c979      0x361 ./USB_Device/App/usbd_core.o
 .debug_macro   0x0002ccda      0x215 ./USB_Device/App/usbd_core.o
 .debug_macro   0x0002ceef      0x367 ./USB_Device/App/usbd_ctlreq.o
 .debug_macro   0x0002d256      0x394 ./USB_Device/App/usbd_desc.o
 .debug_macro   0x0002d5ea      0x367 ./USB_Device/App/usbd_ioreq.o
 .debug_macro   0x0002d951      0x3a2 ./USB_Device/Target/usbd_conf.o

.debug_line     0x00000000    0x1cb2f
 .debug_line    0x00000000      0x936 ./Core/Src/gpio.o
 .debug_line    0x00000936      0x9de ./Core/Src/main.o
 .debug_line    0x00001314      0x914 ./Core/Src/stm32h5xx_hal_msp.o
 .debug_line    0x00001c28      0xa0c ./Core/Src/stm32h5xx_it.o
 .debug_line    0x00002634      0xa10 ./Core/Src/system_stm32h5xx.o
 .debug_line    0x00003044      0x973 ./Core/Src/tim.o
 .debug_line    0x000039b7      0x939 ./Core/Src/usb.o
 .debug_line    0x000042f0       0x7b ./Core/Startup/startup_stm32h523ccux.o
 .debug_line    0x0000436b      0xa49 ./Custom/custom_main.o
 .debug_line    0x00004db4      0xa22 ./Custom/usb_mgr.o
 .debug_line    0x000057d6      0xf7f ./Drivers/STM32H5xx_HAL_Driver/Src/stm32h5xx_hal.o
 .debug_line    0x00006755      0xeff ./Drivers/STM32H5xx_HAL_Driver/Src/stm32h5xx_hal_cortex.o
 .debug_line    0x00007654      0xc8b ./Drivers/STM32H5xx_HAL_Driver/Src/stm32h5xx_hal_gpio.o
 .debug_line    0x000082df     0x15d3 ./Drivers/STM32H5xx_HAL_Driver/Src/stm32h5xx_hal_pcd.o
 .debug_line    0x000098b2      0xa24 ./Drivers/STM32H5xx_HAL_Driver/Src/stm32h5xx_hal_pcd_ex.o
 .debug_line    0x0000a2d6      0xd70 ./Drivers/STM32H5xx_HAL_Driver/Src/stm32h5xx_hal_pwr_ex.o
 .debug_line    0x0000b046     0x130a ./Drivers/STM32H5xx_HAL_Driver/Src/stm32h5xx_hal_rcc.o
 .debug_line    0x0000c350     0x23b7 ./Drivers/STM32H5xx_HAL_Driver/Src/stm32h5xx_hal_rcc_ex.o
 .debug_line    0x0000e707     0x4497 ./Drivers/STM32H5xx_HAL_Driver/Src/stm32h5xx_hal_tim.o
 .debug_line    0x00012b9e     0x2313 ./Drivers/STM32H5xx_HAL_Driver/Src/stm32h5xx_hal_tim_ex.o
 .debug_line    0x00014eb1     0x16d3 ./Drivers/STM32H5xx_HAL_Driver/Src/stm32h5xx_ll_usb.o
 .debug_line    0x00016584      0x9fc ./USB_Device/App/usb_device.o
 .debug_line    0x00016f80      0xe45 ./USB_Device/App/usbd_cdc.o
 .debug_line    0x00017dc5      0xa61 ./USB_Device/App/usbd_cdc_if.o
 .debug_line    0x00018826      0xf12 ./USB_Device/App/usbd_core.o
 .debug_line    0x00019738     0x1103 ./USB_Device/App/usbd_ctlreq.o
 .debug_line    0x0001a83b      0xabe ./USB_Device/App/usbd_desc.o
 .debug_line    0x0001b2f9      0xa1d ./USB_Device/App/usbd_ioreq.o
 .debug_line    0x0001bd16      0xe19 ./USB_Device/Target/usbd_conf.o

.debug_str      0x00000000   0x1147e1
 .debug_str     0x00000000   0x10c899 ./Core/Src/gpio.o
                             0x10cbc0 (size before relaxing)
 .debug_str     0x0010c899      0x4f6 ./Core/Src/main.o
                             0x10ce16 (size before relaxing)
 .debug_str     0x0010cd8f       0x2c ./Core/Src/stm32h5xx_hal_msp.o
                             0x10c8a8 (size before relaxing)
 .debug_str     0x0010cdbb      0xa5a ./Core/Src/stm32h5xx_it.o
                             0x10d400 (size before relaxing)
 .debug_str     0x0010d815      0x1bd ./Core/Src/system_stm32h5xx.o
                             0x10c760 (size before relaxing)
 .debug_str     0x0010d9d2      0x726 ./Core/Src/tim.o
                             0x10d923 (size before relaxing)
 .debug_str     0x0010e0f8       0x1f ./Core/Src/usb.o
                             0x10ccf1 (size before relaxing)
 .debug_str     0x0010e117       0x44 ./Core/Startup/startup_stm32h523ccux.o
                                 0x67 (size before relaxing)
 .debug_str     0x0010e15b      0xec3 ./Custom/custom_main.o
                             0x10df86 (size before relaxing)
 .debug_str     0x0010f01e       0x7c ./Custom/usb_mgr.o
                             0x10d88a (size before relaxing)
 .debug_str     0x0010f09a      0x938 ./Drivers/STM32H5xx_HAL_Driver/Src/stm32h5xx_hal.o
                             0x10d4ee (size before relaxing)
 .debug_str     0x0010f9d2      0x3db ./Drivers/STM32H5xx_HAL_Driver/Src/stm32h5xx_hal_cortex.o
                             0x10d0a9 (size before relaxing)
 .debug_str     0x0010fdad      0x2d6 ./Drivers/STM32H5xx_HAL_Driver/Src/stm32h5xx_hal_gpio.o
                             0x10c537 (size before relaxing)
 .debug_str     0x00110083      0x61e ./Drivers/STM32H5xx_HAL_Driver/Src/stm32h5xx_hal_pcd.o
                             0x10cbb2 (size before relaxing)
 .debug_str     0x001106a1      0x186 ./Drivers/STM32H5xx_HAL_Driver/Src/stm32h5xx_hal_pcd_ex.o
                             0x10c73a (size before relaxing)
 .debug_str     0x00110827      0x5d5 ./Drivers/STM32H5xx_HAL_Driver/Src/stm32h5xx_hal_pwr_ex.o
                             0x10c91c (size before relaxing)
 .debug_str     0x00110dfc      0x38a ./Drivers/STM32H5xx_HAL_Driver/Src/stm32h5xx_hal_rcc.o
                             0x10cca5 (size before relaxing)
 .debug_str     0x00111186      0xa2e ./Drivers/STM32H5xx_HAL_Driver/Src/stm32h5xx_hal_rcc_ex.o
                             0x10cf2f (size before relaxing)
 .debug_str     0x00111bb4      0xfc6 ./Drivers/STM32H5xx_HAL_Driver/Src/stm32h5xx_hal_tim.o
                             0x10d981 (size before relaxing)
 .debug_str     0x00112b7a      0x919 ./Drivers/STM32H5xx_HAL_Driver/Src/stm32h5xx_hal_tim_ex.o
                             0x10d5ab (size before relaxing)
 .debug_str     0x00113493      0x327 ./Drivers/STM32H5xx_HAL_Driver/Src/stm32h5xx_ll_usb.o
                             0x10c912 (size before relaxing)
 .debug_str     0x001137ba      0x4c4 ./USB_Device/App/usb_device.o
                             0x10dcfe (size before relaxing)
 .debug_str     0x00113c7e      0x324 ./USB_Device/App/usbd_cdc.o
                             0x10e1c6 (size before relaxing)
 .debug_str     0x00113fa2      0x113 ./USB_Device/App/usbd_cdc_if.o
                             0x10ddc7 (size before relaxing)
 .debug_str     0x001140b5      0x30e ./USB_Device/App/usbd_core.o
                             0x10db4c (size before relaxing)
 .debug_str     0x001143c3      0x117 ./USB_Device/App/usbd_ctlreq.o
                             0x10d977 (size before relaxing)
 .debug_str     0x001144da      0x256 ./USB_Device/App/usbd_desc.o
                             0x10d74f (size before relaxing)
 .debug_str     0x00114730       0x2f ./USB_Device/App/usbd_ioreq.o
                             0x10d84c (size before relaxing)
 .debug_str     0x0011475f       0x82 ./USB_Device/Target/usbd_conf.o
                             0x10f0ff (size before relaxing)

.comment        0x00000000       0x43
 .comment       0x00000000       0x43 ./Core/Src/gpio.o
                                 0x44 (size before relaxing)
 .comment       0x00000043       0x44 ./Core/Src/main.o
 .comment       0x00000043       0x44 ./Core/Src/stm32h5xx_hal_msp.o
 .comment       0x00000043       0x44 ./Core/Src/stm32h5xx_it.o
 .comment       0x00000043       0x44 ./Core/Src/system_stm32h5xx.o
 .comment       0x00000043       0x44 ./Core/Src/tim.o
 .comment       0x00000043       0x44 ./Core/Src/usb.o
 .comment       0x00000043       0x44 ./Custom/custom_main.o
 .comment       0x00000043       0x44 ./Custom/usb_mgr.o
 .comment       0x00000043       0x44 ./Drivers/STM32H5xx_HAL_Driver/Src/stm32h5xx_hal.o
 .comment       0x00000043       0x44 ./Drivers/STM32H5xx_HAL_Driver/Src/stm32h5xx_hal_cortex.o
 .comment       0x00000043       0x44 ./Drivers/STM32H5xx_HAL_Driver/Src/stm32h5xx_hal_gpio.o
 .comment       0x00000043       0x44 ./Drivers/STM32H5xx_HAL_Driver/Src/stm32h5xx_hal_pcd.o
 .comment       0x00000043       0x44 ./Drivers/STM32H5xx_HAL_Driver/Src/stm32h5xx_hal_pcd_ex.o
 .comment       0x00000043       0x44 ./Drivers/STM32H5xx_HAL_Driver/Src/stm32h5xx_hal_pwr_ex.o
 .comment       0x00000043       0x44 ./Drivers/STM32H5xx_HAL_Driver/Src/stm32h5xx_hal_rcc.o
 .comment       0x00000043       0x44 ./Drivers/STM32H5xx_HAL_Driver/Src/stm32h5xx_hal_rcc_ex.o
 .comment       0x00000043       0x44 ./Drivers/STM32H5xx_HAL_Driver/Src/stm32h5xx_hal_tim.o
 .comment       0x00000043       0x44 ./Drivers/STM32H5xx_HAL_Driver/Src/stm32h5xx_hal_tim_ex.o
 .comment       0x00000043       0x44 ./Drivers/STM32H5xx_HAL_Driver/Src/stm32h5xx_ll_usb.o
 .comment       0x00000043       0x44 ./USB_Device/App/usb_device.o
 .comment       0x00000043       0x44 ./USB_Device/App/usbd_cdc.o
 .comment       0x00000043       0x44 ./USB_Device/App/usbd_cdc_if.o
 .comment       0x00000043       0x44 ./USB_Device/App/usbd_core.o
 .comment       0x00000043       0x44 ./USB_Device/App/usbd_ctlreq.o
 .comment       0x00000043       0x44 ./USB_Device/App/usbd_desc.o
 .comment       0x00000043       0x44 ./USB_Device/App/usbd_ioreq.o
 .comment       0x00000043       0x44 ./USB_Device/Target/usbd_conf.o

.debug_frame    0x00000000     0x590c
 .debug_frame   0x00000000       0x34 ./Core/Src/gpio.o
 .debug_frame   0x00000034       0x68 ./Core/Src/main.o
 .debug_frame   0x0000009c       0x30 ./Core/Src/stm32h5xx_hal_msp.o
 .debug_frame   0x000000cc      0x13c ./Core/Src/stm32h5xx_it.o
 .debug_frame   0x00000208       0x60 ./Core/Src/system_stm32h5xx.o
 .debug_frame   0x00000268       0x7c ./Core/Src/tim.o
 .debug_frame   0x000002e4       0x2c ./Core/Src/usb.o
 .debug_frame   0x00000310       0x68 ./Custom/custom_main.o
 .debug_frame   0x00000378       0x6c ./Custom/usb_mgr.o
 .debug_frame   0x000003e4      0x800 ./Drivers/STM32H5xx_HAL_Driver/Src/stm32h5xx_hal.o
 .debug_frame   0x00000be4      0x560 ./Drivers/STM32H5xx_HAL_Driver/Src/stm32h5xx_hal_cortex.o
 .debug_frame   0x00001144      0x1ec ./Drivers/STM32H5xx_HAL_Driver/Src/stm32h5xx_hal_gpio.o
 .debug_frame   0x00001330      0x5e0 ./Drivers/STM32H5xx_HAL_Driver/Src/stm32h5xx_hal_pcd.o
 .debug_frame   0x00001910      0x14c ./Drivers/STM32H5xx_HAL_Driver/Src/stm32h5xx_hal_pcd_ex.o
 .debug_frame   0x00001a5c      0x50c ./Drivers/STM32H5xx_HAL_Driver/Src/stm32h5xx_hal_pwr_ex.o
 .debug_frame   0x00001f68      0x268 ./Drivers/STM32H5xx_HAL_Driver/Src/stm32h5xx_hal_rcc.o
 .debug_frame   0x000021d0      0x470 ./Drivers/STM32H5xx_HAL_Driver/Src/stm32h5xx_hal_rcc_ex.o
 .debug_frame   0x00002640     0x1258 ./Drivers/STM32H5xx_HAL_Driver/Src/stm32h5xx_hal_tim.o
 .debug_frame   0x00003898      0xa70 ./Drivers/STM32H5xx_HAL_Driver/Src/stm32h5xx_hal_tim_ex.o
 .debug_frame   0x00004308      0x590 ./Drivers/STM32H5xx_HAL_Driver/Src/stm32h5xx_ll_usb.o
 .debug_frame   0x00004898       0x2c ./USB_Device/App/usb_device.o
 .debug_frame   0x000048c4      0x23c ./USB_Device/App/usbd_cdc.o
 .debug_frame   0x00004b00       0xe4 ./USB_Device/App/usbd_cdc_if.o
 .debug_frame   0x00004be4      0x390 ./USB_Device/App/usbd_core.o
 .debug_frame   0x00004f74      0x23c ./USB_Device/App/usbd_ctlreq.o
 .debug_frame   0x000051b0      0x160 ./USB_Device/App/usbd_desc.o
 .debug_frame   0x00005310      0x10c ./USB_Device/App/usbd_ioreq.o
 .debug_frame   0x0000541c      0x47c ./USB_Device/Target/usbd_conf.o
 .debug_frame   0x00005898       0x20 C:/ST/STM32CubeIDE_1.17.0/STM32CubeIDE/plugins/com.st.stm32cube.ide.mcu.externaltools.gnu-tools-for-stm32.12.3.rel1.win32_1.1.0.202410251130/tools/bin/../lib/gcc/arm-none-eabi/12.3.1/../../../../arm-none-eabi/lib/thumb/v8-m.main+fp/hard\libc_nano.a(libc_a-memset.o)
 .debug_frame   0x000058b8       0x2c C:/ST/STM32CubeIDE_1.17.0/STM32CubeIDE/plugins/com.st.stm32cube.ide.mcu.externaltools.gnu-tools-for-stm32.12.3.rel1.win32_1.1.0.202410251130/tools/bin/../lib/gcc/arm-none-eabi/12.3.1/../../../../arm-none-eabi/lib/thumb/v8-m.main+fp/hard\libc_nano.a(libc_a-init.o)
 .debug_frame   0x000058e4       0x28 C:/ST/STM32CubeIDE_1.17.0/STM32CubeIDE/plugins/com.st.stm32cube.ide.mcu.externaltools.gnu-tools-for-stm32.12.3.rel1.win32_1.1.0.202410251130/tools/bin/../lib/gcc/arm-none-eabi/12.3.1/../../../../arm-none-eabi/lib/thumb/v8-m.main+fp/hard\libc_nano.a(libc_a-memcpy-stub.o)

.debug_line_str
                0x00000000       0x4b
 .debug_line_str
                0x00000000       0x4b ./Core/Startup/startup_stm32h523ccux.o
